Nï¿½	bï¿½ï¿½ï¿½m[0m
ets Jul 29 2019 12:21:46

rst:0x1 (POWERON_RESET),boot:0x13 (SPI_FAST_FLASH_BOOT)
configsip: 0, SPIWP:0xee
clk_drv:0x00,q_drv:0x00,d_drv:0x00,cs0_drv:0x00,hd_drv:0x00,wp_drv:0x00
mode:DIO, clock div:2
load:0x3fff0030,len:7084
ho 0 tail 12 room 4
load:0x40078000,len:15584
load:0x40080400,len:4
load:0x40080404,len:3876
entry 0x4008064c
[0;32mI (31) boot: ESP-IDF v5.1.1-dirty 2nd stage bootloader[0m
[0;32mI (31) boot: compile time Feb  6 2024 13:00:59[0m
[0;32mI (31) boot: Multicore bootloader[0m
[0;32mI (36) boot: chip revision: v3.1[0m
[0;32mI (40) boot.esp32: SPI Speed      : 40MHz[0m
[0;32mI (44) boot.esp32: SPI Mode       : DIO[0m
[0;32mI (49) boot.esp32: SPI Flash Size : 4MB[0m
[0;32mI (53) boot: Enabling RNG early entropy source...[0m
[0;32mI (59) boot: Partition Table:[0m
[0;32mI (62) boot: ## Label            Usage          Type ST Offset   Length[0m
[0;32mI (70) boot:  0 nvs              WiFi data        01 02 00009000 00006000[0m
[0;32mI (77) boot:  1 phy_init         RF data          01 01 0000f000 00001000[0m
[0;32mI (85) boot:  2 factory          factory app      00 00 00010000 00177000[0m
[0;32mI (92) boot: End of partition table[0m
[0;32mI (96) esp_image: segment 0: paddr=00010020 vaddr=3f400020 size=3a868h (239720) map[0m
[0;32mI (191) esp_image: segment 1: paddr=0004a890 vaddr=3ffbdb60 size=054c8h ( 21704) load[0m
[0;32mI (200) esp_image: segment 2: paddr=0004fd60 vaddr=40080000 size=002b8h (   696) load[0m
[0;32mI (201) esp_image: segment 3: paddr=00050020 vaddr=400d0020 size=f3210h (995856) map[0m
[0;32mI (567) esp_image: segment 4: paddr=00143238 vaddr=400802b8 size=1e64ch (124492) load[0m
[0;32mI (635) boot: Loaded app from partition at offset 0x10000[0m
[0;32mI (635) boot: Disabling RNG early entropy source...[0m
[0;32mI (646) cpu_start: Multicore app[0m
[0;32mI (647) cpu_start: Pro cpu up.[0m
[0;32mI (647) cpu_start: Starting app cpu, entry point is 0x40081408[0m
[0;32mI (0) cpu_start: App cpu up.[0m
[0;32mI (667) cpu_start: Pro cpu start user code[0m
[0;32mI (667) cpu_start: cpu freq: 160000000 Hz[0m
[0;32mI (667) cpu_start: Application information:[0m
[0;32mI (671) cpu_start: Project name:     gatt_server_demos[0m
[0;32mI (677) cpu_start: App version:      6299586-dirty[0m
[0;32mI (683) cpu_start: Compile time:     Feb  7 2024 10:26:58[0m
[0;32mI (689) cpu_start: ELF file SHA256:  72aaf544efdc4ced...[0m
[0;32mI (695) cpu_start: ESP-IDF:          v5.1.1-dirty[0m
[0;32mI (700) cpu_start: Min chip rev:     v0.0[0m
[0;32mI (705) cpu_start: Max chip rev:     v3.99 [0m
[0;32mI (710) cpu_start: Chip rev:         v3.1[0m
[0;32mI (715) heap_init: Initializing. RAM available for dynamic allocation:[0m
[0;32mI (722) heap_init: At 3FFAFF10 len 000000F0 (0 KiB): DRAM[0m
[0;32mI (728) heap_init: At 3FFB6388 len 00001C78 (7 KiB): DRAM[0m
[0;32mI (734) heap_init: At 3FFB9A20 len 00004108 (16 KiB): DRAM[0m
[0;32mI (740) heap_init: At 3FFCB6D8 len 00014928 (82 KiB): DRAM[0m
[0;32mI (746) heap_init: At 3FFE0440 len 00003AE0 (14 KiB): D/IRAM[0m
[0;32mI (752) heap_init: At 3FFE4350 len 0001BCB0 (111 KiB): D/IRAM[0m
[0;32mI (759) heap_init: At 4009E904 len 000016FC (5 KiB): IRAM[0m
[0;32mI (767) spi_flash: detected chip: generic[0m
[0;32mI (770) spi_flash: flash io: dio[0m
[0;32mI (775) coexist: coex firmware version: 80b0d89[0m
[0;32mI (780) app_start: Starting scheduler on CPU0[0m
[0;32[0;32mI (784) app_start: Starting scheduler on CPU1[0m
mI (784) main_task: Started on CPU0[0m
[0;32mI (794) main_task: Calling app_main()[0m
[0;32mI (834) BLE:: ble task, wifi queue: 0, data_flag: 0[0m
[0;32mI (834) BTDM_INIT: BT controller compile version [946b762][0m
[0;32mI (834) BTDM_INIT: Bluetooth MAC: 24:dc:c3:a6:d0:2a[0m
[0;32mI (834) MQTT: Other event id:7[0m
[0;32mI
assert failed: tcpip_send_msg_wait_sem /IDF/components/lwip/lwip/src/api/tcpip.c:449 (Invalid mbox)


Backtrace: 0x40081ab2:0x3ffd3d60 0x400917a9:0x3ffd3d80 0x40098991:0x3ffd3da0 0x4017d6a7:0x3ffd3ec0 0x40190835:0x3ffd3ef0 0x4017aa0d:0x3ffd3f30 0x4013792d:0x3ffd3f80 0x40137c8e:0x3ffd3fe0 0x4013821d:0x3ffd4050 0x40139647:0x3ffd4070 0x401bc1b9:0x3ffd4090 0x4012b9a0:0x3ffd40b0 0x40094189:0x3ffd40e0




ELF file SHA256: 72aaf544efdc4ced

Rebooting...
ets Jul 29 2019 12:21:46

rst:0xc (SW_CPU_RESET),boot:0x13 (SPI_FAST_FLASH_BOOT)
configsip: 0, SPIWP:0xee
clk_drv:0x00,q_drv:0x00,d_drv:0x00,cs0_drv:0x00,hd_drv:0x00,wp_drv:0x00
mode:DIO, clock div:2
load:0x3fff0030,len:7084
ho 0 tail 12 room 4
load:0x40078000,len:15584
load:0x40080400,len:4
load:0x40080404,len:3876
entry 0x4008064c
[0;32mI (31) boot: ESP-IDF v5.1.1-dirty 2nd stage bootloader[0m
[0;32mI (31) boot: compile time Feb  6 2024 13:00:59[0m
[0;32mI (31) boot: Multicore bootloader[0m
[0;32mI (36) boot: chip revision: v3.1[0m
[0;32mI (40) boot.esp32: SPI Speed      : 40MHz[0m
[0;32mI (44) boot.esp32: SPI Mode       : DIO[0m
[0;32mI (49) boot.esp32: SPI Flash Size : 4MB[0m
[0;32mI (53) boot: Enabling RNG early entropy source...[0m
[0;32mI (59) boot: Partition Table:[0m
[0;32mI (62) boot: ## Label            Usage          Type ST Offset   Length[0m
[0;32mI (70) boot:  0 nvs              WiFi data        01 02 00009000 00006000[0m
[0;32mI (77) boot:  1 phy_init         RF data          01 01 0000f000 00001000[0m
[0;32mI (85) boot:  2 factory          factory app      00 00 00010000 00177000[0m
[0;32mI (92) boot: End of partition table[0m
[0;32mI (96) esp_image: segment 0: paddr=00010020 vaddr=3f400020 size=3a868h (239720) map[0m
[0;32mI (191) esp_image: segment 1: paddr=0004a890 vaddr=3ffbdb60 size=054c8h ( 21704) load[0m
[0;32mI (200) esp_image: segment 2: paddr=0004fd60 vaddr=40080000 size=002b8h (   696) load[0m
[0;32mI (201) esp_image: segment 3: paddr=00050020 vaddr=400d0020 size=f3210h (995856) map[0m
[0;32mI (567) esp_image: segment 4: paddr=00143238 vaddr=400802b8 size=1e64ch (124492) load[0m
[0;32mI (635) boot: Loaded app from partition at offset 0x10000[0m
[0;32mI (635) boot: Disabling RNG early entropy source...[0m
[0;32mI (646) cpu_start: Multicore app[0m
[0;32mI (647) cpu_start: Pro cpu up.[0m
[0;32mI (647) cpu_start: Starting app cpu, entry point is 0x40081408[0m
[0;32mI (636) cpu_start: App cpu up.[0m
[0;32mI (667) cpu_start: Pro cpu start user code[0m
[0;32mI (667) cpu_start: cpu freq: 160000000 Hz[0m
[0;32mI (667) cpu_start: Application information:[0m
[0;32mI (672) cpu_start: Project name:     gatt_server_demos[0m
[0;32mI (677) cpu_start: App version:      6299586-dirty[0m
[0;32mI (683) cpu_start: Compile time:     Feb  7 2024 10:26:58[0m
[0;32mI (689) cpu_start: ELF file SHA256:  72aaf544efdc4ced...[0m
[0;32mI (695) cpu_start: ESP-IDF:          v5.1.1-dirty[0m
[0;32mI (700) cpu_start: Min chip rev:     v0.0[0m
[0;32mI (705) cpu_start: Max chip rev:     v3.99 [0m
[0;32mI (710) cpu_start: Chip rev:         v3.1[0m
[0;32mI (715) heap_init: Initializing. RAM available for dynamic allocation:[0m
[0;32mI (722) heap_init: At 3FFAFF10 len 000000F0 (0 KiB): DRAM[0m
[0;32mI (728) heap_init: At 3FFB6388 len 00001C78 (7 KiB): DRAM[0m
[0;32mI (734) heap_init: At 3FFB9A20 len 00004108 (16 KiB): DRAM[0m
[0;32mI (740) heap_init: At 3FFCB6D8 len 00014928 (82 KiB): DRAM[0m
[0;32mI (746) heap_init: At 3FFE0440 len 00003AE0 (14 KiB): D/IRAM[0m
[0;32mI (753) heap_init: At 3FFE4350 len 0001BCB0 (111 KiB): D/IRAM[0m
[0;32mI (759) heap_init: At 4009E904 len 000016FC (5 KiB): IRAM[0m
[0;32mI (767) spi_flash: detected chip: generic[0m
[0;32mI (770) spi_flash: flash io: dio[0m
[0;32mI (775) coexist: coex firmware version: 80b0d89[0m
[0;32mI (780) app_start: Starting scheduler on CPU0[0m
[0;32[0;32mI (784) app_start: Starting scheduler on CPU1[0m
mI (784) main_task: Started on CPU0[0m
[0;32mI (794) main_task: Calling app_main()[0m
[0;32mI (834) BLE:: ble task, wifi queue: 0, data_flag: 0[0m
[0;32mI (834) BTDM_INIT: BT controller compile version [946b762][0m
[0;32mI (834) BTDM_INIT: Bluetooth MAC: 24:dc:c3:a6:d0:2a[0m
[0;32mI (834) MQTT: Other event id:7[0m
[0;32mI
assert failed: tcpip_send_msg_wait_sem /IDF/components/lwip/lwip/src/api/tcpip.c:449 (Invalid mbox)


Backtrace: 0x40081ab2:0x3ffd3d60 0x400917a9:0x3ffd3d80 0x40098991:0x3ffd3da0 0x4017d6a7:0x3ffd3ec0 0x40190835:0x3ffd3ef0 0x4017aa0d:0x3ffd3f30 0x4013792d:0x3ffd3f80 0x40137c8e:0x3ffd3fe0 0x4013821d:0x3ffd4050 0x40139647:0x3ffd4070 0x401bc1b9:0x3ffd4090 0x4012b9a0:0x3ffd40b0 0x40094189:0x3ffd40e0




ELF file SHA256: 72aaf544efdc4ced

Rebooting...
ets Jul 29 2019 12:21:46

rst:0xc (SW_CPU_RESET),boot:0x13 (SPI_FAST_FLASH_BOOT)
configsip: 0, SPIWP:0xee
clk_drv:0x00,q_drv:0x00,d_drv:0x00,cs0_drv:0x00,hd_drv:0x00,wp_drv:0x00
mode:DIO, clock div:2
load:0x3fff0030,len:7084
ho 0 tail 12 room 4
load:0x40078000,len:15584
load:0x40080400,len:4
load:0x40080404,len:3876
entry 0x4008064c
[0;32mI (31) boot: ESP-IDF v5.1.1-dirty 2nd stage bootloader[0m
[0;32mI (31) boot: compile time Feb  6 2024 13:00:59[0m
[0;32mI (31) boot: Multicore bootloader[0m
[0;32mI (36) boot: chip revision: v3.1[0m
[0;32mI (40) boot.esp32: SPI Speed      : 40MHz[0m
[0;32mI (44) boot.esp32: SPI Mode       : DIO[0m
[0;32mI (49) boot.esp32: SPI Flash Size : 4MB[0m
[0;32mI (53) boot: Enabling RNG early entropy source...[0m
[0;32mI (59) boot: Partition Table:[0m
[0;32mI (62) boot: ## Label            Usage          Type ST Offset   Length[0m
[0;32mI (70) boot:  0 nvs              WiFi data        01 02 00009000 00006000[0m
[0;32mI (77) boot:  1 phy_init         RF data          01 01 0000f000 00001000[0m
[0;32mI (85) boot:  2 factory          factory app      00 00 00010000 00177000[0m
[0;32mI (92) boot: End of partition table[0m
[0;32mI (96) esp_image: segment 0: paddr=00010020 vaddr=3f400020 size=3a868h (239720) map[0m
[0;32mI (191) esp_image: segment 1: paddr=0004a890 vaddr=3ffbdb60 size=054c8h ( 21704) load[0m
[0;32mI (200) esp_image: segment 2: paddr=0004fd60 vaddr=40080000 size=002b8h (   696) load[0m
[0;32mI (201) esp_image: segment 3: paddr=00050020 vaddr=400d0020 size=f3210h (995856) map[0m
[0;32mI (567) esp_image: segment 4: paddr=00143238 vaddr=400802b8 size=1e64ch (124492) load[0m
[0;32mI (635) boot: Loaded app from partition at offset 0x10000[0m
[0;32mI (635) boot: Disabling RNG early entropy source...[0m
[0;32mI (646) cpu_start: Multicore app[0m
[0;32mI (647) cpu_start: Pro cpu up.[0m
[0;32mI (647) cpu_start: Starting app cpu, entry point is 0x40081408[0m
[0;32mI (636) cpu_start: App cpu up.[0m
[0;32mI (667) cpu_start: Pro cpu start user code[0m
[0;32mI (667) cpu_start: cpu freq: 160000000 Hz[0m
[0;32mI (667) cpu_start: Application information:[0m
[0;32mI (672) cpu_start: Project name:     gatt_server_demos[0m
[0;32mI (677) cpu_start: App version:      6299586-dirty[0m
[0;32mI (683) cpu_start: Compile time:     Feb  7 2024 10:26:58[0m
[0;32mI (689) cpu_start: ELF file SHA256:  72aaf544efdc4ced...[0m
[0;32mI (695) cpu_start: ESP-IDF:          v5.1.1-dirty[0m
[0;32mI (700) cpu_start: Min chip rev:     v0.0[0m
[0;32mI (705) cpu_start: Max chip rev:     v3.99 [0m
[0;32mI (710) cpu_start: Chip rev:         v3.1[0m
[0;32mI (715) heap_init: Initializing. RAM available for dynamic allocation:[0m
[0;32mI (722) heap_init: At 3FFAFF10 len 000000F0 (0 KiB): DRAM[0m
[0;32mI (728) heap_init: At 3FFB6388 len 00001C78 (7 KiB): DRAM[0m
[0;32mI (734) heap_init: At 3FFB9A20 len 00004108 (16 KiB): DRAM[0m
[0;32mI (740) heap_init: At 3FFCB6D8 len 00014928 (82 KiB): DRAM[0m
[0;32mI (746) heap_init: At 3FFE0440 len 00003AE0 (14 KiB): D/IRAM[0m
[0;32mI (753) heap_init: At 3FFE4350 len 0001BCB0 (111 KiB): D/IRAM[0m
[0;32mI (759) heap_init: At 4009E904 len 000016FC (5 KiB): IRAM[0m
[0;32mI (767) spi_flash: detected chip: generic[0m
[0;32mI (770) spi_flash: flash io: dio[0m
[0;32mI (775) coexist: coex firmware version: 80b0d89[0m
[0;32mI (780) app_start: Starting scheduler on CPU0[0m
[0;32[0;32mI (784) app_start: Starting scheduler on CPU1[0m
mI (784) main_task: Started on CPU0[0m
[0;32mI (794) main_task: Calling app_main()[0m
[0;32mI (834) BLE:: ble task, wifi queue: 0, data_flag: 0[0m
[0;32mI (834) BTDM_INIT: BT controller compile version [946b762][0m
[0;32mI (834) BTDM_INIT: Bluetooth MAC: 24:dc:c3:a6:d0:2a[0m
[0;32mI (834) MQTT: Other event id:7[0m
[0;32mI
assert failed: tcpip_send_msg_wait_sem /IDF/components/lwip/lwip/src/api/tcpip.c:449 (Invalid mbox)


Backtrace: 0x40081ab2:0x3ffd3d60 0x400917a9:0x3ffd3d80 0x40098991:0x3ffd3da0 0x4017d6a7:0x3ffd3ec0 0x40190835:0x3ffd3ef0 0x4017aa0d:0x3ffd3f30 0x4013792d:0x3ffd3f80 0x40137c8e:0x3ffd3fe0 0x4013821d:0x3ffd4050 0x40139647:0x3ffd4070 0x401bc1b9:0x3ffd4090 0x4012b9a0:0x3ffd40b0 0x40094189:0x3ffd40e0




ELF file SHA256: 72aaf544efdc4ced

Rebooting...
ets Jul 29 2019 12:21:46

rst:0xc (SW_CPU_RESET),boot:0x13 (SPI_FAST_FLASH_BOOT)
configsip: 0, SPIWP:0xee
clk_drv:0x00,q_drv:0x00,d_drv:0x00,cs0_drv:0x00,hd_drv:0x00,wp_drv:0x00
mode:DIO, clock div:2
load:0x3fff0030,len:7084
ho 0 tail 12 room 4
load:0x40078000,len:15584
load:0x40080400,len:4
load:0x40080404,len:3876
entry 0x4008064c
[0;32mI (31) boot: ESP-IDF v5.1.1-dirty 2nd stage bootloader[0m
[0;32mI (31) boot: compile time Feb  6 2024 13:00:59[0m
[0;32mI (31) boot: Multicore bootloader[0m
[0;32mI (36) boot: chip revision: v3.1[0m
[0;32mI (40) boot.esp32: SPI Speed      : 40MHz[0m
[0;32mI (44) boot.esp32: SPI Mode       : DIO[0m
[0;32mI (49) boot.esp32: SPI Flash Size : 4MB[0m
[0;32mI (53) boot: Enabling RNG early entropy source...[0m
[0;32mI (59) boot: Partition Table:[0m
[0;32mI (62) boot: ## Label            Usage          Type ST Offset   Length[0m
[0;32mI (70) boot:  0 nvs              WiFi data        01 02 00009000 00006000[0m
[0;32mI (77) boot:  1 phy_init         RF data          01 01 0000f000 00001000[0m
[0;32mI (85) boot:  2 factory          factory app      00 00 00010000 00177000[0m
[0;32mI (92) boot: End of partition table[0m
[0;32mI (96) esp_image: segment 0: paddr=00010020 vaddr=3f400020 size=3a868h (239720) map[0m
[0;32mI (191) esp_image: segment 1: paddr=0004a890 vaddr=3ffbdb60 size=054c8h ( 21704) load[0m
[0;32mI (200) esp_image: segment 2: paddr=0004fd60 vaddr=40080000 size=002b8h (   696) load[0m
[0;32mI (201) esp_image: segment 3: paddr=00050020 vaddr=400d0020 size=f3210h (995856) map[0m
[0;32mI (567) esp_image: segment 4: paddr=00143238 vaddr=400802b8 size=1e64ch (124492) load[0m
[0;32mI (635) boot: Loaded app from partition at offset 0x10000[0m
[0;32mI (635) boot: Disabling RNG early entropy source...[0m
[0;32mI (646) cpu_start: Multicore app[0m
[0;32mI (647) cpu_start: Pro cpu up.[0m
[0;32mI (647) cpu_start: Starting app cpu, entry point is 0x40081408[0m
[0;32mI (636) cpu_start: App cpu up.[0m
[0;32mI (667) cpu_start: Pro cpu start user code[0m
[0;32mI (667) cpu_start: cpu freq: 160000000 Hz[0m
[0;32mI (667) cpu_start: Application information:[0m
[0;32mI (672) cpu_start: Project name:     gatt_server_demos[0m
[0;32mI (677) cpu_start: App version:      6299586-dirty[0m
[0;32mI (683) cpu_start: Compile time:     Feb  7 2024 10:26:58[0m
[0;32mI (689) cpu_start: ELF file SHA256:  72aaf544efdc4ced...[0m
[0;32mI (695) cpu_start: ESP-IDF:          v5.1.1-dirty[0m
[0;32mI (700) cpu_start: Min chip rev:     v0.0[0m
[0;32mI (705) cpu_start: Max chip rev:     v3.99 [0m
[0;32mI (710) cpu_start: Chip rev:         v3.1[0m
[0;32mI (715) heap_init: Initializing. RAM available for dynamic allocation:[0m
[0;32mI (722) heap_init: At 3FFAFF10 len 000000F0 (0 KiB): DRAM[0m
[0;32mI (728) heap_init: At 3FFB6388 len 00001C78 (7 KiB): DRAM[0m
[0;32mI (734) heap_init: At 3FFB9A20 len 00004108 (16 KiB): DRAM[0m
[0;32mI (740) heap_init: At 3FFCB6D8 len 00014928 (82 KiB): DRAM[0m
[0;32mI (746) heap_init: At 3FFE0440 len 00003AE0 (14 KiB): D/IRAM[0m
[0;32mI (753) heap_init: At 3FFE4350 len 0001BCB0 (111 KiB): D/IRAM[0m
[0;32mI (759) heap_init: At 4009E904 len 000016FC (5 KiB): IRAM[0m
[0;32mI (767) spi_flash: detected chip: generic[0m
[0;32mI (770) spi_flash: flash io: dio[0m
[0;32mI (775) coexist: coex firmware version: 80b0d89[0m
[0;32mI (780) app_start: Starting scheduler on CPU0[0m
[0;32[0;32mI (784) app_start: Starting scheduler on CPU1[0m
mI (784) main_task: Started on CPU0[0m
[0;32mI (794) main_task: Calling app_main()[0m
[0;32mI (834) BLE:: ble task, wifi queue: 0, data_flag: 0[0m
[0;32mI (834) BTDM_INIT: BT controller compile version [946b762][0m
[0;32mI (834) BTDM_INIT: Bluetooth MAC: 24:dc:c3:a6:d0:2a[0m
[0;32mI (834) MQTT: Other event id:7[0m
[0;32mI
assert failed: tcpip_send_msg_wait_sem /IDF/components/lwip/lwip/src/api/tcpip.c:449 (Invalid mbox)


Backtrace: 0x40081ab2:0x3ffd3d60 0x400917a9:0x3ffd3d80 0x40098991:0x3ffd3da0 0x4017d6a7:0x3ffd3ec0 0x40190835:0x3ffd3ef0 0x4017aa0d:0x3ffd3f30 0x4013792d:0x3ffd3f80 0x40137c8e:0x3ffd3fe0 0x4013821d:0x3ffd4050 0x40139647:0x3ffd4070 0x401bc1b9:0x3ffd4090 0x4012b9a0:0x3ffd40b0 0x40094189:0x3ffd40e0




ELF file SHA256: 72aaf544efdc4ced

Rebooting...
ets Jul 29 2019 12:21:46

rst:0xc (SW_CPU_RESET),boot:0x13 (SPI_FAST_FLASH_BOOT)
configsip: 0, SPIWP:0xee
clk_drv:0x00,q_drv:0x00,d_drv:0x00,cs0_drv:0x00,hd_drv:0x00,wp_drv:0x00
mode:DIO, clock div:2
load:0x3fff0030,len:7084
ho 0 tail 12 room 4
load:0x40078000,len:15584
load:0x40080400,len:4
load:0x40080404,len:3876
entry 0x4008064c
[0;32mI (31) boot: ESP-IDF v5.1.1-dirty 2nd stage bootloader[0m
[0;32mI (31) boot: compile time Feb  6 2024 13:00:59[0m
[0;32mI (31) boot: Multicore bootloader[0m
[0;32mI (36) boot: chip revision: v3.1[0m
[0;32mI (40) boot.esp32: SPI Speed      : 40MHz[0m
[0;32mI (44) boot.esp32: SPI Mode       : DIO[0m
[0;32mI (49) boot.esp32: SPI Flash Size : 4MB[0m
[0;32mI (53) boot: Enabling RNG early entropy source...[0m
[0;32mI (59) boot: Partition Table:[0m
[0;32mI (62) boot: ## Label            Usage          Type ST Offset   Length[0m
[0;32mI (70) boot:  0 nvs              WiFi data        01 02 00009000 00006000[0m
[0;32mI (77) boot:  1 phy_init         RF data          01 01 0000f000 00001000[0m
[0;32mI (85) boot:  2 factory          factory app      00 00 00010000 00177000[0m
[0;32mI (92) boot: End of partition table[0m
[0;32mI (96) esp_image: segment 0: paddr=00010020 vaddr=3f400020 size=3a868h (239720) map[0m
[0;32mI (191) esp_image: segment 1: paddr=0004a890 vaddr=3ffbdb60 size=054c8h ( 21704) load[0m
[0;32mI (200) esp_image: segment 2: paddr=0004fd60 vaddr=40080000 size=002b8h (   696) load[0m
[0;32mI (201) esp_image: segment 3: paddr=00050020 vaddr=400d0020 size=f3210h (995856) map[0m
