ets Jul 29 2019 12:21:46

rst:0x1 (POWERON_RESET),boot:0x13 (SPI_FAST_FLASH_BOOT)
configsip: 0, SPIWP:0xee
clk_drv:0x00,q_drv:0x00,d_drv:0x00,cs0_drv:0x00,hd_drv:0x00,wp_drv:0x00
mode:DIO, clock div:2
load:0x3fff0030,len:7084
ho 0 tail 12 room 4
load:0x40078000,len:15584
load:0x40080400,len:4
load:0x40080404,len:3876
entry 0x4008064c
[0;32mI (31) boot: ESP-IDF v5.1.1-dirty 2nd stage bootloader[0m
[0;32mI (31) boot: compile time Mar 22 2024 10:40:21[0m
[0;32mI (31) boot: Multicore bootloader[0m
[0;32mI (36) boot: chip revision: v3.1[0m
[0;32mI (40) boot.esp32: SPI Speed      : 40MHz[0m
[0;32mI (44) boot.esp32: SPI Mode       : DIO[0m
[0;32mI (49) boot.esp32: SPI Flash Size : 4MB[0m
[0;32mI (53) boot: Enabling RNG early entropy source...[0m
[0;32mI (59) boot: Partition Table:[0m
[0;32mI (62) boot: ## Label            Usage          Type ST Offset   Length[0m
[0;32mI (70) boot:  0 nvs              WiFi data        01 02 00009000 00006000[0m
[0;32mI (77) boot:  1 phy_init         RF data          01 01 0000f000 00001000[0m
[0;32mI (85) boot:  2 factory          factory app      00 00 00010000 00177000[0m
[0;32mI (92) boot: End of partition table[0m
[0;32mI (96) esp_image: segment 0: paddr=00010020 vaddr=3f400020 size=3ef40h (257856) map[0m
[0;32mI (198) esp_image: segment 1: paddr=0004ef68 vaddr=3ffbdb60 size=010b0h (  4272) load[0m
[0;32mI (200) esp_image: segment 2: paddr=00050020 vaddr=400d0020 size=fdda4h (1039780) map[0m
[0;32mI (579) esp_image: segment 3: paddr=0014ddcc vaddr=3ffbec10 size=04610h ( 17936) load[0m
[0;32mI (586) esp_image: segment 4: paddr=001523e4 vaddr=40080000 size=2108ch (135308) load[0m
[0;32mI (659) boot: Loaded app from partition at offset 0x10000[0m
[0;32mI (659) boot: Disabling RNG early entropy source...[0m
[0;32mI (671) cpu_start: Multicore app[0m
[0;32mI (671) cpu_start: Pro cpu up.[0m
[0;32mI (672) cpu_start: Starting app cpu, entry point is 0x400815d0[0m
[0;32mI (0) cpu_start: App cpu up.[0m
[0;32mI (691) cpu_start: Pro cpu start user code[0m
[0;32mI (691) cpu_start: cpu freq: 160000000 Hz[0m
[0;32mI (692) cpu_start: Application information:[0m
[0;32mI (696) cpu_start: Project name:     gatt_server_demos[0m
[0;32mI (702) cpu_start: App version:      a2f6461-dirty[0m
[0;32mI (708) cpu_start: Compile time:     Mar 22 2024 10:40:04[0m
[0;32mI (714) cpu_start: ELF file SHA256:  976fc512e6add0ee...[0m
[0;32mI (720) cpu_start: ESP-IDF:          v5.1.1-dirty[0m
[0;32mI (725) cpu_start: Min chip rev:     v0.0[0m
[0;32mI (730) cpu_start: Max chip rev:     v3.99 [0m
[0;32mI (735) cpu_start: Chip rev:         v3.1[0m
[0;32mI (739) heap_init: Initializing. RAM available for dynamic allocation:[0m
[0;32mI (747) heap_init: At 3FFAFF10 len 000000F0 (0 KiB): DRAM[0m
[0;32mI (752) heap_init: At 3FFB6388 len 00001C78 (7 KiB): DRAM[0m
[0;32mI (759) heap_init: At 3FFB9A20 len 00004108 (16 KiB): DRAM[0m
[0;32mI (765) heap_init: At 3FFCC350 len 00013CB0 (79 KiB): DRAM[0m
[0;32mI (771) heap_init: At 3FFE0440 len 00003AE0 (14 KiB): D/IRAM[0m
[0;32mI (777) heap_init: At 3FFE4350 len 0001AC24 (107 KiB): D/IRAM[0m
[0;32mI (785) spi_flash: detected chip: generic[0m
[0;32mI (788) spi_flash: flash io: dio[0m
[0;32mI (793) coexist: coex firmware version: 80b0d89[0m
[0;32mI (798) app_start: Starting scheduler on CPU0[0m
[0;32m[0;32mI (803) app_start: Starting scheduler on CPU1[0m
I (803) main_task: Started on CPU0[0m
[0;32mI (813) main_task: Calling app_main()[0m
[0;32mI (853) W25Q32: Init spi bus[0m
[0;32mI (853) gpio: GPIO[19]| InputEn: 0| OutputEn: 0| OpenDrain: 0| Pullup: 1| Pulldown: 0| Intr:0 [0m
[0;32mI (853) BLE:: ble task, wifi queue: 0, data_flag: 0[0m
[0;32mI (853) WIFI: wifi task, ble_queue: 0 wifi_connect: 0[0m
[0;32mI (863) UART: uart task[0m
[0;32mI (863) uart: queue free spaces: 20[0m
[0;32mI (873) UART: init uart[0m
[0;32mI (873) main_task: Returned from app_main()[0m
[0;32mI (953) BLE:: ble task have mutex[0m
[0;32mI (953) W25Q32: Read data from w25q32 at 0: save	i:0	l:30ï¿½ï¿½ï¿½ï¿½[0m
[0;32mI (953) W25Q32: wifi data location: save	i:0	l:30ï¿½ï¿½ï¿½ï¿½[0m
[0;32mI (953) W25Q32: wifi data at sector 0, len 30[0m
[0;32mI (963) BLE:: ble task release mutex[0m
I (1073) wifi:wifi driver task: 3ffd3830, prio:23, stack:6656, core=0
I (1093) wifi:wifi firmware version: ce9244d
I (1093) wifi:wifi certification version: v7.0
I (1093) wifi:config NVS flash: enabled
I (1093) wifi:config nano formating: disabled
I (1093) wifi:Init data frame dynamic rx buffer num: 32
I (1103) wifi:Init management frame dynamic rx buffer num: 32
I (1103) wifi:Init management short buffer num: 32
I (1113) wifi:Init static tx buffer num: 16
I (1113) wifi:Init static rx buffer size: 1600
I (1113) wifi:Init static rx buffer num: 10
I (1123) wifi:Init dynamic rx buffer num: 32
[0;32mI (1123) wifi_init: rx ba win: 6[0m
[0;32mI (1133) wifi_init: tcpip mbox: 32[0m
[0;32mI (1133) wifi_init: udp mbox: 6[0m
[0;32mI (1133) wifi_init: tcp mbox: 6[0m
[0;32mI (1143) wifi_init: tcp tx win: 5744[0m
[0;32mI (1143) wifi_init: tcp rx win: 5744[0m
[0;32mI (1153) wifi_init: tcp mss: 1440[0m
[0;32mI (1153) wifi_init: WiFi IRAM OP enabled[0m
[0;32mI (1153) wifi_init: WiFi RX IRAM OP enabled[0m
[0;32mI (1163) BLE:: ble task have mutex[0m
[0;32mI (1163) W25Q32: Read data from w25q32 at 4096: w:Wifi ChÃ¹a :/	p:toikhongbiet[0m
[0;32mI (1173) W25Q32: get wifi info: w:Wifi ChÃ¹a :/	p:toikhongbiet[0m
ssid: .Wifi ChÃ¹a :/. pass: .toikhongbiet.
[0;32mI (1193) phy_init: phy_version 4670,719f9f6,Feb 18 2021,17:07:07[0m
I (1303) wifi:mode : sta (24:dc:c3:a6:d0:28)
I (1303) wifi:enable tsf
[0;32mI (1303) WIFI STATION: wifi_init_sta finished, ssid: Wifi ChÃ¹a :/, pass: toikhongbiet.[0m
[0;32mI (1303) BLE:: start connect wifi[0m
[0;32mI (1313) BLE:: ble task release mutex[0m
[0;32mI (1313) BLE:: init ble[0m
[0;32mI (1323) BLE:: init lwip[0m
[0;32mI (3723) WIFI STATION: retry to connect to the AP[0m
[0;32mI (3723) WIFI STATION: connect to the AP fail[0m
[0;32mI (6143) WIFI STATION: retry to connect to the AP[0m
[0;32mI (6143) WIFI STATION: connect to the AP fail[0m
[0;32mI (8553) WIFI STATION: retry to connect to the AP[0m
[0;32mI (8553) WIFI STATION: connect to the AP fail[0m
[0;32mI (10973) WIFI STATION: retry to connect to the AP[0m
[0;32mI (10973) WIFI STATION: connect to the AP fail[0m
[0;32mI (13393) WIFI STATION: retry to connect to the AP[0m
[0;32mI (13393) WIFI STATION: connect to the AP fail[0m
[0;32mI (15803) WIFI STATION: Can't connect to the AP point[0m
[0;32mI (15803) WIFI STATION: connect to the AP fail[0m
[0;32mI (15813) BLE:: ble task have mutex[0m
[0;32mI (15813) BLE:: connect state = 0[0m
[0;32mI (15813) BLE:: ble task release mutex[0m
[0;32mI (15813) WIFI: wifi task have mutex[0m
E (15823) wifi:NAN WiFi stop
I (15823) wifi:flush txq
I (15823) wifi:stop sw txq
I (15823) wifi:lmac stop hw txq
[0;32mI (15833) WIFI: stop wifi connection, fail connect in the first time[0m
[0;33mW (15833) mqtt_client: Client asked to stop, but was not started[0m
[0;32mI (15843) BTDM_INIT: BT controller compile version [946b762][0m
[0;32mI (15853) BTDM_INIT: Bluetooth MAC: 24:dc:c3:a6:d0:2a[0m
[0;32mI (16173) WIFI: wifi task release mutex[0m
[0;32mI (16173) GATTS_DEMO: REGISTER_APP_EVT, status 0, app_id 0
[0m
[0;32mI (16183) GATTS_DEMO: CREATE_SERVICE_EVT, status 0,  service_handle 40
[0m
[0;32mI (16203) GATTS_DEMO: SERVICE_START_EVT, status 0, service_handle 40
[0m
[0;32mI (16203) GATTS_DEMO: ADD_CHAR_EVT, status 0,  attr_handle 42, service_handle 40
[0m
[0;32mI (16203) GATTS_DEMO: the gatts demo char length = 3
[0m
[0;32mI (16213) GATTS_DEMO: prf_char[0] =11
[0m
[0;32mI (16213) GATTS_DEMO: prf_char[1] =22
[0m
[0;32mI (16223) GATTS_DEMO: prf_char[2] =33
[0m
[0;32mI (16223) GATTS_DEMO: ADD_DESCR_EVT, status 0, attr_handle 43, service_handle 40
[0m
[0;32mI (28373) GATTS_DEMO: ESP_GATTS_CONNECT_EVT, conn_id 0, remote 5e:fe:94:70:af:a6:[0m
[0;32mI (28763) GATTS_DEMO: update connection params status = 0, min_int = 16, max_int = 32,conn_int = 6,latency = 0, timeout = 500[0m
[0;32mI (29153) GATTS_DEMO: ESP_GATTS_MTU_EVT, MTU 500[0m
[0;32mI (29693) GATTS_DEMO: update connection params status = 0, min_int = 0, max_int = 0,conn_int = 24,latency = 0, timeout = 400[0m
[0;31mE (41743) BT_GATT: gatt_sr_write_cl_supp_feat len 19[0m
[0;32mI (41803) GATTS_DEMO: GATT_WRITE_EVT, conn_id 0, trans_id 3, handle 42[0m
[0;32mI (41803) GATTS_DEMO: GATT_WRITE_EVT, value len 19, value : w:laptop	p:12345678 profile x[0m
[0;32mI (41813) GATTS_DEMO: 77 3a 6c 61 70 74 6f 70 09 70 3a 31 32 33 34 35 [0m
[0;32mI (41813) GATTS_DEMO: 36 37 38 [0m
[0;32mI (41823) BLE: dataflag = 1[0m
[0;32mI (41823) BLE:: ble task have mutex[0m
ssid: .laptop. pass: .12345678.
I (41863) wifi:mode : sta (24:dc:c3:a6:d0:28)
I (41863) wifi:enable tsf
[0;32mI (41863) WIFI STATION: wifi_init_sta finished, ssid: laptop, pass: 12345678.[0m
[0;32mI (41873) BLE:: start connect wifi[0m
[0;32mI (41873) BLE:: ble task release mutex[0m
I (45253) wifi:new:<11,0>, old:<1,0>, ap:<255,255>, sta:<11,0>, prof:1
I (45253) wifi:state: init -> auth (b0)
I (46263) wifi:state: auth -> init (200)
I (46263) wifi:new:<11,0>, old:<11,0>, ap:<255,255>, sta:<11,0>, prof:1
[0;32mI (46263) WIFI STATION: retry to connect to the AP[0m
[0;32mI (46263) WIFI STATION: connect to the AP fail[0m
[0;32mI (49653) WIFI STATION: retry to connect to the AP[0m
[0;32mI (49653) WIFI STATION: connect to the AP fail[0m
I (53033) wifi:new:<11,0>, old:<11,0>, ap:<255,255>, sta:<11,0>, prof:1
I (53033) wifi:state: init -> auth (b0)
I (53043) wifi:state: auth -> assoc (0)
I (53043) wifi:state: assoc -> run (10)
I (53203) wifi:connected with laptop, aid = 3, channel 11, BW20, bssid = 16:13:33:02:85:b3
I (53203) wifi:security: WPA2-PSK, phy: bgn, rssi: -38
I (53213) wifi:pm start, type: 1

[0;32mI (53233) esp_netif_handlers: sta ip: 192.168.137.237, mask: 255.255.255.0, gw: 192.168.137.1[0m
[0;32mI (53233) WIFI STATION: got ip:192.168.137.237[0m
[0;32mI (53243) BLE:: ble task have mutex[0m
[0;32mI (53243) BLE:: connect state = 1[0m
I (53243) wifi:AP's beacon interval = 102400 us, DTIM period = 1
[0;32mI (53253) BLE:: ble task release mutex[0m
[0;32mI (53253) WIFI: wifi task have mutex[0m
[0;33mW (53273) BT_HCI: hci cmd send: disconnect: hdl 0x0, rsn:0x13[0m
[0;32mI (53273) GATTS_DEMO: ESP_GATTS_DISCONNECT_EVT, disconnect reason 0x16[0m
[0;33mW (53323) BT_HCI: hcif disc complete: hdl 0x0, rsn 0x16[0m
[0;32mI (54333) W25Q32: write wifi info: w:laptop	p:12345678[0m
[0;32mI (54363) W25Q32: Erase 4k of w25q32 at 4096[0m
[0;32mI (54363) W25Q32: Write data to w25q32 at 4096: w:laptop	p:12345678[0m
[0;32mI (54363) W25Q32: update info location: i:0 l:19[0m
[0;32mI (54393) W25Q32: Erase 4k of w25q32 at 0[0m
[0;32mI (54393) W25Q32: Write data to w25q32 at 0: save	i:0	l:19[0m
[0;32mI (54393) WIFI: disable ble[0m
[0;32mI (54393) SNTP: Initializing and starting SNTP[0m
[0;32mI (54393) MQTT: Other event id:7[0m
I (54423) wifi:<ba-add>idx:0 (ifx:0, 16:13:33:02:85:b3), tid:0, ssn:4, winSize:64
[0;32mI (55703) SNTP: Set time success[0m
[0;32mI (55703) WIFI: wifi task release mutex[0m
[0;32mI (56933) MQTT: MQTT_EVENT_CONNECTED[0m
[0;32mI (56943) MQTT: Subcribe to topic: doan2/aithing/control , id: 4666[0m
[0;32mI (56943) MQTT: sent publish successful, msg_id=4666[0m
[0;32mI (57143) MQTT: MQTT_EVENT_SUBSCRIBED, msg_id=4666[0m
ets Jul 29 2019 12:21:46

rst:0x1 (POWERON_RESET),boot:0x13 (SPI_FAST_FLASH_BOOT)
configsip: 0, SPIWP:0xee
clk_drv:0x00,q_drv:0x00,d_drv:0x00,cs0_drv:0x00,hd_drv:0x00,wp_drv:0x00
mode:DIO, clock div:2
load:0x3fff0030,len:7084
ho 0 tail 12 room 4
load:0x40078000,len:15584
load:0x40080400,len:4
load:0x40080404,len:3876
entry 0x4008064c
[0;32mI (31) boot: ESP-IDF v5.1.1-dirty 2nd stage bootloader[0m
[0;32mI (31) boot: compile time Mar 22 2024 10:40:21[0m
[0;32mI (31) boot: Multicore bootloader[0m
[0;32mI (36) boot: chip revision: v3.1[0m
[0;32mI (40) boot.esp32: SPI Speed      : 40MHz[0m
[0;32mI (44) boot.esp32: SPI Mode       : DIO[0m
[0;32mI (49) boot.esp32: SPI Flash Size : 4MB[0m
[0;32mI (53) boot: Enabling RNG early entropy source...[0m
[0;32mI (59) boot: Partition Table:[0m
[0;32mI (62) boot: ## Label            Usage          Type ST Offset   Length[0m
[0;32mI (70) boot:  0 nvs              WiFi data        01 02 00009000 00006000[0m
[0;32mI (77) boot:  1 phy_init         RF data          01 01 0000f000 00001000[0m
[0;32mI (85) boot:  2 factory          factory app      00 00 00010000 00177000[0m
[0;32mI (92) boot: End of partition table[0m
[0;32mI (96) esp_image: segment 0: paddr=00010020 vaddr=3f400020 size=3ef40h (257856) map[0m
[0;32mI (198) esp_image: segment 1: paddr=0004ef68 vaddr=3ffbdb60 size=010b0h (  4272) load[0m
[0;32mI (200) esp_image: segment 2: paddr=00050020 vaddr=400d0020 size=fdda4h (1039780) map[0m
[0;32mI (579) esp_image: segment 3: paddr=0014ddcc vaddr=3ffbec10 size=04610h ( 17936) load[0m
[0;32mI (586) esp_image: segment 4: paddr=001523e4 vaddr=40080000 size=2108ch (135308) load[0m
[0;32mI (659) boot: Loaded app from partition at offset 0x10000[0m
[0;32mI (659) boot: Disabling RNG early entropy source...[0m
[0;32mI (671) cpu_start: Multicore app[0m
[0;32mI (671) cpu_start: Pro cpu up.[0m
[0;32mI (672) cpu_start: Starting app cpu, entry point is 0x400815d0[0m
[0;32mI (0) cpu_start: App cpu up.[0m
[0;32mI (691) cpu_start: Pro cpu start user code[0m
[0;32mI (691) cpu_start: cpu freq: 160000000 Hz[0m
[0;32mI (692) cpu_start: Application information:[0m
[0;32mI (696) cpu_start: Project name:     gatt_server_demos[0m
[0;32mI (702) cpu_start: App version:      a2f6461-dirty[0m
[0;32mI (708) cpu_start: Compile time:     Mar 22 2024 10:40:04[0m
[0;32mI (714) cpu_start: ELF file SHA256:  976fc512e6add0ee...[0m
[0;32mI (720) cpu_start: ESP-IDF:          v5.1.1-dirty[0m
[0;32mI (725) cpu_start: Min chip rev:     v0.0[0m
[0;32mI (730) cpu_start: Max chip rev:     v3.99 [0m
[0;32mI (735) cpu_start: Chip rev:         v3.1[0m
[0;32mI (739) heap_init: Initializing. RAM available for dynamic allocation:[0m
[0;32mI (747) heap_init: At 3FFAFF10 len 000000F0 (0 KiB): DRAM[0m
[0;32mI (752) heap_init: At 3FFB6388 len 00001C78 (7 KiB): DRAM[0m
[0;32mI (759) heap_init: At 3FFB9A20 len 00004108 (16 KiB): DRAM[0m
[0;32mI (765) heap_init: At 3FFCC350 len 00013CB0 (79 KiB): DRAM[0m
[0;32mI (771) heap_init: At 3FFE0440 len 00003AE0 (14 KiB): D/IRAM[0m
[0;32mI (777) heap_init: At 3FFE4350 len 0001AC24 (107 KiB): D/IRAM[0m
[0;32mI (785) spi_flash: detected chip: generic[0m
[0;32mI (788) spi_flash: flash io: dio[0m
[0;32mI (793) coexist: coex firmware version: 80b0d89[0m
[0;32mI (798) app_start: Starting scheduler on CPU0[0m
[0;32m[0;32mI (803) app_start: Starting scheduler on CPU1[0m
I (803) main_task: Started on CPU0[0m
[0;32mI (813) main_task: Calling app_main()[0m
[0;32mI (853) W25Q32: Init spi bus[0m
[0;32mI (853) gpio: GPIO[19]| InputEn: 0| OutputEn: 0| OpenDrain: 0| Pullup: 1| Pulldown: 0| Intr:0 [0m
[0;32mI (853) BLE:: ble task, wifi queue: 0, data_flag: 0[0m
[0;32mI (853) WIFI: wifi task, ble_queue: 0 wifi_connect: 0[0m
[0;32mI (863) UART: uart task[0m
[0;32mI (863) uart: queue free spaces: 20[0m
[0;32mI (873) UART: init uart[0m
[0;32mI (873) main_task: Returned from app_main()[0m
[0;32mI (953) BLE:: ble task have mutex[0m
[0;32mI (953) W25Q32: Read data from w25q32 at 0: save	i:0	l:19ï¿½ï¿½ï¿½ï¿½[0m
[0;32mI (953) W25Q32: wifi data location: save	i:0	l:19ï¿½ï¿½ï¿½ï¿½[0m
[0;32mI (953) W25Q32: wifi data at sector 0, len 19[0m
[0;32mI (963) BLE:: ble task release mutex[0m
I (1073) wifi:wifi driver task: 3ffd3830, prio:23, stack:6656, core=0
I (1093) wifi:wifi firmware version: ce9244d
I (1093) wifi:wifi certification version: v7.0
I (1093) wifi:config NVS flash: enabled
I (1093) wifi:config nano formating: disabled
I (1093) wifi:Init data frame dynamic rx buffer num: 32
I (1103) wifi:Init management frame dynamic rx buffer num: 32
I (1103) wifi:Init management short buffer num: 32
I (1113) wifi:Init static tx buffer num: 16
I (1113) wifi:Init static rx buffer size: 1600
I (1113) wifi:Init static rx buffer num: 10
I (1123) wifi:Init dynamic rx buffer num: 32
[0;32mI (1123) wifi_init: rx ba win: 6[0m
[0;32mI (1133) wifi_init: tcpip mbox: 32[0m
[0;32mI (1133) wifi_init: udp mbox: 6[0m
[0;32mI (1133) wifi_init: tcp mbox: 6[0m
[0;32mI (1143) wifi_init: tcp tx win: 5744[0m
[0;32mI (1143) wifi_init: tcp rx win: 5744[0m
[0;32mI (1153) wifi_init: tcp mss: 1440[0m
[0;32mI (1153) wifi_init: WiFi IRAM OP enabled[0m
[0;32mI (1153) wifi_init: WiFi RX IRAM OP enabled[0m
[0;32mI (1163) BLE:: ble task have mutex[0m
[0;32mI (1163) W25Q32: Read data from w25q32 at 4096: w:laptop	p:12345678[0m
[0;32mI (1173) W25Q32: get wifi info: w:laptop	p:12345678[0m
ssid: .laptop. pass: .12345678.
[0;32mI (1183) phy_init: phy_version 4670,719f9f6,Feb 18 2021,17:07:07[0m
I (1303) wifi:mode : sta (24:dc:c3:a6:d0:28)
I (1303) wifi:enable tsf
[0;32mI (1303) WIFI STATION: wifi_init_sta finished, ssid: laptop, pass: 12345678.[0m
[0;32mI (1303) BLE:: start connect wifi[0m
[0;32mI (1303) BLE:: ble task release mutex[0m
[0;32mI (1313) BLE:: init ble[0m
[0;32mI (1313) BLE:: init lwip[0m
[0;32mI (3723) WIFI STATION: retry to connect to the AP[0m
[0;32mI (3723) WIFI STATION: connect to the AP fail[0m
I (6133) wifi:new:<11,0>, old:<1,0>, ap:<255,255>, sta:<11,0>, prof:1
I (6143) wifi:state: init -> auth (b0)
I (6153) wifi:state: auth -> assoc (0)
I (6153) wifi:state: assoc -> run (10)
I (6173) wifi:connected with laptop, aid = 4, channel 11, BW20, bssid = 16:13:33:02:85:b3
I (6173) wifi:security: WPA2-PSK, phy: bgn, rssi: -39
I (6173) wifi:pm start, type: 1

I (6203) wifi:AP's beacon interval = 102400 us, DTIM period = 1
I (9333) wifi:<ba-add>idx:0 (ifx:0, 16:13:33:02:85:b3), tid:0, ssn:4, winSize:64
[0;32mI (10183) esp_netif_handlers: sta ip: 192.168.137.237, mask: 255.255.255.0, gw: 192.168.137.1[0m
[0;32mI (10183) WIFI STATION: got ip:192.168.137.237[0m
[0;32mI (10193) BLE:: ble task have mutex[0m
[0;32mI (10193) BLE:: connect state = 1[0m
[0;32mI (10193) BLE:: ble task release mutex[0m
[0;32mI (10203) WIFI: wifi task have mutex[0m
[0;32mI (10203) WIFI: disable ble[0m
[0;32mI (10203) SNTP: Initializing and starting SNTP[0m
[0;32mI (10213) MQTT: Other event id:7[0m
[0;32mI (11633) MQTT: MQTT_EVENT_CONNECTED[0m
[0;32mI (11643) MQTT: Subcribe to topic: doan2/aithing/control , id: 24635[0m
[0;32mI (11643) MQTT: sent publish successful, msg_id=24635[0m
[0;32mI (11843) MQTT: MQTT_EVENT_SUBSCRIBED, msg_id=24635[0m
[0;32mI (12213) SNTP: Waiting for system time to be set... (1/15)[0m
[0;32mI (14213) SNTP: Waiting for system time to be set... (2/15)[0m
[0;32mI (14603) SNTP: Set time success[0m
[0;32mI (14603) WIFI: wifi task release mutex[0m
