0;32mI (228) esp_image: segment 2: paddï¿½ets Jul 29 2019 12:21:46

rst:0x1 (POWERON_RESET),boot:0x13 (SPI_FAST_FLASH_BOOT)
configsip: 0, SPIWP:0xee
clk_drv:0x00,q_drv:0x00,d_drv:0x00,cs0_drv:0x00,hd_drv:0x00,wp_drv:0x00
mode:DIO, clock div:2
load:0x3fff0030,len:7084
ho 0 tail 12 room 4
load:0x40078000,len:15584
load:0x40080400,len:4
load:0x40080404,len:3876
entry 0x4008064c
[0;32mI (31) boot: ESP-IDF v5.1.1-dirty 2nd stage bootloader[0m
[0;32mI (31) boot: compile time Mar 16 2024 21:52:41[0m
[0;32mI (31) boot: Multicore bootloader[0m
[0;32mI (36) boot: chip revision: v3.1[0m
[0;32mI (40) boot.esp32: SPI Speed      : 40MHz[0m
[0;32mI (44) boot.esp32: SPI Mode       : DIO[0m
[0;32mI (49) boot.esp32: SPI Flash Size : 4MB[0m
[0;32mI (53) boot: Enabling RNG early entropy source...[0m
[0;32mI (59) boot: Partition Table:[0m
[0;32mI (62) boot: ## Label            Usage          Type ST Offset   Length[0m
[0;32mI (70) boot:  0 nvs              WiFi data        01 02 00009000 0000e000[0m
[0;32mI (77) boot:  1 otadata          OTA data         01 00 00017000 00002000[0m
[0;32mI (85) boot:  2 phy_init         RF data          01 01 00019000 00001000[0m
[0;32mI (92) boot:  3 ota_0            OTA app          00 10 00020000 001a9000[0m
[0;32mI (100) boot:  4 ota_1            OTA app          00 11 001d0000 001a9000[0m
[0;32mI (107) boot:  5 storage          Unknown data     01 81 00379000 00087000[0m
[0;32mI (115) boot: End of partition table[0m
[0;32mI (119) boot: No factory image, trying OTA 0[0m
[0;32mI (124) esp_image: segment 0: paddr=00020020 vaddr=3f400020 size=3ef28h (257832) map[0m
[0;32mI (226) esp_image: segment 1: paddr=0005ef50 vaddr=3ffbdb60 size=010c8h (  4296) load[0m
[0;32mI (228) esp_image: segment 2: paddr=00060020 vaddr=400d0020 size=fdcf8h (1039608) map[0m
[0;32mI (607) esp_image: segment 3: paddr=0015dd20 vaddr=3ffbec28 size=045f8h ( 17912) load[0m
[0;32mI (614) esp_image: segment 4: paddr=00162320 vaddr=40080000 size=2108ch (135308) load[0m
[0;32mI (687) boot: Loaded app from partition at offset 0x20000[0m
[0;32mI (740) boot: Set actual ota_seq=1 in otadata[0][0m
[0;32mI (741) boot: Disabling RNG early entropy source...[0m
[0;32mI (751) cpu_start: Multicore app[0m
[0;32mI (752) cpu_start: Pro cpu up.[0m
[0;32mI (752) cpu_start: Starting app cpu, entry point is 0x400815d0[0m
[0;32mI (0) cpu_start: App cpu up.[0m
[0;32mI (772) cpu_start: Pro cpu start user code[0m
[0;32mI (772) cpu_start: cpu freq: 160000000 Hz[0m
[0;32mI (772) cpu_start: Application information:[0m
[0;32mI (777) cpu_start: Project name:     gatt_server_demos[0m
[0;32mI (782) cpu_start: App version:      a2f6461-dirty[0m
[0;32mI (788) cpu_start: Compile time:     Mar 16 2024 21:52:29[0m
[0;32mI (794) cpu_start: ELF file SHA256:  9ec8221f1eed6670...[0m
[0;32mI (800) cpu_start: ESP-IDF:          v5.1.1-dirty[0m
[0;32mI (805) cpu_start: Min chip rev:     v0.0[0m
[0;32mI (810) cpu_start: Max chip rev:     v3.99 [0m
[0;32mI (815) cpu_start: Chip rev:         v3.1[0m
[0;32mI (820) heap_init: Initializing. RAM available for dynamic allocation:[0m
[0;32mI (827) heap_init: At 3FFAFF10 len 000000F0 (0 KiB): DRAM[0m
[0;32mI (833) heap_init: At 3FFB6388 len 00001C78 (7 KiB): DRAM[0m
[0;32mI (839) heap_init: At 3FFB9A20 len 00004108 (16 KiB): DRAM[0m
[0;32mI (845) heap_init: At 3FFCC350 len 00013CB0 (79 KiB): DRAM[0m
[0;32mI (851) heap_init: At 3FFE0440 len 00003AE0 (14 KiB): D/IRAM[0m
[0;32mI (858) heap_init: At 3FFE4350 len 0001AC24 (107 KiB): D/IRAM[0m
[0;32mI (866) spi_flash: detected chip: generic[0m
[0;32mI (869) spi_flash: flash io: dio[0m
[0;32mI (874) coexist: coex firmware version: 80b0d89[0m
[0;32mI (879) app_start: Starting scheduler on CPU0[0m
[0;32m[0;32mI (883) app_start: Starting scheduler on CPU1[0m
I (883) main_task: Started on CPU0[0m
[0;32mI (893) main_task: Calling app_main()[0m
[0;32mI (923) W25Q32: Init spi bus[0m
[0;32mI (933) gpio: GPIO[14]| InputEn: 0| OutputEn: 0| OpenDrain: 0| Pullup: 1| Pulldown: 0| Intr:0 [0m
[0;32mI (933) BLE:: ble task, wifi queue: 0, data_flag: 0[0m
[0;32mI (933) WIFI: wifi task, ble_queue: 0 wifi_connect: 0[0m
[0;32mI (943) UART: uart task[0m
[0;32mI (943) uart: queue free spaces: 20[0m
[0;32mI (953) UART: init uart[0m
[0;32mI (953) main_task: Returned from app_main()[0m
[0;32mI (1033) BLE:: ble task have mutex[0m
[0;32mI (1033) W25Q32: Read data from w25q32 at 0: ï¿½ï¿½ï¿½ï¿½ï¿½ï¿½ï¿½ï¿½ï¿½ï¿½ï¿½ï¿½ï¿½ï¿½ï¿½ï¿½ï¿½[0m
[0;32mI (1033) W25Q32: wifi data location: ï¿½ï¿½ï¿½ï¿½ï¿½ï¿½ï¿½ï¿½ï¿½ï¿½ï¿½ï¿½ï¿½ï¿½ï¿½ï¿½ï¿½[0m
[0;32mI (1033) W25Q32: There has never been wifi data written to the w25q32 before[0m
[0;32mI (1043) BLE:: ble task release mutex[0m
I (1153) wifi:wifi driver task: 3ffd3b74, prio:23, stack:6656, core=0
I (1163) wifi:wifi firmware version: ce9244d
I (1173) wifi:wifi certification version: v7.0
I (1173) wifi:config NVS flash: enabled
I (1173) wifi:config nano formating: disabled
I (1173) wifi:Init data frame dynamic rx buffer num: 32
I (1173) wifi:Init management frame dynamic rx buffer num: 32
I (1183) wifi:Init management short buffer num: 32
I (1193) wifi:Init static tx buffer num: 16
I (1193) wifi:Init static rx buffer size: 1600
I (1193) wifi:Init static rx buffer num: 10
I (1203) wifi:Init dynamic rx buffer num: 32
[0;32mI (1203) wifi_init: rx ba win: 6[0m
[0;32mI (1203) wifi_init: tcpip mbox: 32[0m
[0;32mI (1213) wifi_init: udp mbox: 6[0m
[0;32mI (1213) wifi_init: tcp mbox: 6[0m
[0;32mI (1223) wifi_init: tcp tx win: 5744[0m
[0;32mI (1223) wifi_init: tcp rx win: 5744[0m
[0;32mI (1223) wifi_init: tcp mss: 1440[0m
[0;32mI (1233) wifi_init: WiFi IRAM OP enabled[0m
[0;32mI (1233) wifi_init: WiFi RX IRAM OP enabled[0m
[0;32mI (1243) BLE:: ble task have mutex[0m
[0;32mI (1243) BTDM_INIT: BT controller compile version [946b762][0m
[0;32mI (1253) BTDM_INIT: Bluetooth MAC: fc:b4:67:f5:ed:82[0m
[0;32mI (1263) phy_init: phy_version 4670,719f9f6,Feb 18 2021,17:07:07[0m
[0;32mI (1693) BLE:: ble task release mutex[0m
[0;32mI (1703) BLE:: init ble[0m
[0;32mI (1703) BLE:: init lwip[0m
[0;32mI (1703) GATTS_DEMO: REGISTER_APP_EVT, status 0, app_id 0
[0m
[0;32mI (1713) GATTS_DEMO: CREATE_SERVICE_EVT, status 0,  service_handle 40
[0m
[0;32mI (1733) GATTS_DEMO: SERVICE_START_EVT, status 0, service_handle 40
[0m
[0;32mI (1733) GATTS_DEMO: ADD_CHAR_EVT, status 0,  attr_handle 42, service_handle 40
[0m
[0;32mI (1733) GATTS_DEMO: the gatts demo char length = 3
[0m
[0;32mI (1743) GATTS_DEMO: prf_char[0] =11
[0m
[0;32mI (1743) GATTS_DEMO: prf_char[1] =22
[0m
[0;32mI (1753) GATTS_DEMO: prf_char[2] =33
[0m
[0;32mI (1753) GATTS_DEMO: ADD_DESCR_EVT, status 0, attr_handle 43, service_handle 40
[0m
[0;32mI (99673) GATTS_DEMO: ESP_GATTS_CONNECT_EVT, conn_id 0, remote 52:cc:fd:67:55:ad:[0m
[0;32mI (100243) GATTS_DEMO: update connection params status = 0, min_int = 16, max_int = 32,conn_int = 6,latency = 0, timeout = 500[0m
[0;32mI (100953) GATTS_DEMO: ESP_GATTS_MTU_EVT, MTU 500[0m
[0;32mI (101003) GATTS_DEMO: update connection params status = 0, min_int = 0, max_int = 0,conn_int = 24,latency = 0, timeout = 400[0m
[0;31mE (111933) BT_GATT: gatt_sr_write_cl_supp_feat len 35[0m
[0;32mI (112053) GATTS_DEMO: GATT_WRITE_EVT, conn_id 0, trans_id 3, handle 42[0m
[0;32mI (112053) GATTS_DEMO: GATT_WRITE_EVT, value len 35, value : w:Infrastructure NW	p:NetworkPolicy profile x[0m
[0;32mI (112063) GATTS_DEMO: 77 3a 49 6e 66 72 61 73 74 72 75 63 74 75 72 65 [0m
[0;32mI (112063) GATTS_DEMO: 20 4e 57 09 70 3a 4e 65 74 77 6f 72 6b 50 6f 6c [0m
[0;32mI (112073) GATTS_DEMO: 69 63 79 [0m
[0;32mI (112073) BLE: dataflag = 1[0m
[0;32mI (112083) BLE:: ble task have mutex[0m
ssid: .Infrastructure NW. pass: .NetworkPolicy.
I (112093) wifi:mode : sta (fc:b4:67:f5:ed:80)
I (112103) wifi:enable tsf
[0;32mI (112103) WIFI STATION: wifi_init_sta finished, ssid: Infrastructure NW, pass: NetworkPolicy.[0m
[0;32mI (112103) BLE:: start connect wifi[0m
[0;32mI (112113) BLE:: ble task release mutex[0m
I (115483) wifi:new:<4,0>, old:<1,0>, ap:<255,255>, sta:<4,0>, prof:1
I (115493) wifi:state: init -> auth (b0)
I (116493) wifi:state: auth -> init (200)
I (116493) wifi:new:<4,0>, old:<4,0>, ap:<255,255>, sta:<4,0>, prof:1
[0;32mI (116503) WIFI STATION: retry to connect to the AP[0m
[0;32mI (116503) WIFI STATION: connect to the AP fail[0m
[0;32mI (119883) WIFI STATION: retry to connect to the AP[0m
[0;32mI (119883) WIFI STATION: connect to the AP fail[0m
I (123263) wifi:new:<4,0>, old:<4,0>, ap:<255,255>, sta:<4,0>, prof:1
I (123263) wifi:state: init -> auth (b0)
I (124263) wifi:state: auth -> init (200)
I (124273) wifi:new:<4,0>, old:<4,0>, ap:<255,255>, sta:<4,0>, prof:1
[0;32mI (124273) WIFI STATION: retry to connect to the AP[0m
[0;32mI (124273) WIFI STATION: connect to the AP fail[0m
[0;32mI (127663) WIFI STATION: retry to connect to the AP[0m
[0;32mI (127663) WIFI STATION: connect to the AP fail[0m
I (131043) wifi:new:<4,0>, old:<4,0>, ap:<255,255>, sta:<4,0>, prof:1
I (131043) wifi:state: init -> auth (b0)
I (131043) wifi:state: auth -> assoc (0)
I (131063) wifi:state: assoc -> run (10)
I (131073) wifi:<ba-add>idx:0 (ifx:0, 24:0b:2a:2e:69:79), tid:5, ssn:0, winSize:64
I (131163) wifi:connected with Infrastructure NW, aid = 6, channel 4, BW20, bssid = 24:0b:2a:2e:69:79
I (131173) wifi:security: WPA2-PSK, phy: bgn, rssi: -61
I (131173) wifi:pm start, type: 1

I (131183) wifi:<ba-add>idx:1 (ifx:0, 24:0b:2a:2e:69:79), tid:0, ssn:2, winSize:64
I (131263) wifi:AP's beacon interval = 102400 us, DTIM period = 1
[0;32mI (132183) esp_netif_handlers: sta ip: 192.168.1.7, mask: 255.255.255.0, gw: 192.168.1.1[0m
[0;32mI (132183) WIFI STATION: got ip:192.168.1.7[0m
[0;32mI (132193) BLE:: ble task have mutex[0m
[0;32mI (132193) BLE:: connect state = 1[0m
[0;32mI (132193) BLE:: ble task release mutex[0m
[0;32mI (132203) WIFI: wifi task have mutex[0m
[0;33mW (132203) BT_HCI: hci cmd send: disconnect: hdl 0x0, rsn:0x13[0m
[0;32mI (132213) GATTS_DEMO: ESP_GATTS_DISCONNECT_EVT, disconnect reason 0x16[0m
[0;33mW (132453) BT_HCI: hcif disc complete: hdl 0x0, rsn 0x16[0m
[0;32mI (133463) W25Q32: write wifi info: w:Infrastructure NW	p:NetworkPolicy[0m
[0;32mI (133483) W25Q32: Erase 4k of w25q32 at 4096[0m
[0;32mI (133493) W25Q32: Write data to w25q32 at 4096: w:Infrastructure NW	p:NetworkPolicy[0m
[0;32mI (133493) W25Q32: update info location: i:0 l:35[0m
[0;32mI (133523) W25Q32: Erase 4k of w25q32 at 0[0m
[0;32mI (133523) W25Q32: Write data to w25q32 at 0: save	i:0	l:35[0m
[0;32mI (133523) WIFI: disable ble[0m
[0;32mI (133523) SNTP: Initializing and starting SNTP[0m
[0;32mI (133523) MQTT: Other event id:7[0m
[0;32mI (133783) MQTT: MQTT_EVENT_CONNECTED[0m
[0;32mI (133793) MQTT: Subcribe to topic: doan2/aithing/control , id: 54406[0m
[0;32mI (133793) MQTT: sent publish successful, msg_id=54406[0m
[0;32mI (133813) MQTT: MQTT_EVENT_SUBSCRIBED, msg_id=54406[0m
[0;32mI (135533) SNTP: Waiting for system time to be set... (1/15)[0m
[0;32mI (136363) WIFI: wifi task release mutex[0m
ets Jul 29 2019 12:21:46

rst:0x1 (POWERON_RESET),boot:0x13 (SPI_FAST_FLASH_BOOT)
configsip: 0, SPIWP:0xee
clk_drv:0x00,q_drv:0x00,d_drv:0x00,cs0_drv:0x00,hd_drv:0x00,wp_drv:0x00
mode:DIO, clock div:2
load:0x3fff0030,len:7084
ho 0 tail 12 room 4
load:0x40078000,len:15584
load:0x40080400,len:4
load:0x40080404,len:3876
entry 0x4008064c
[0;32mI (31) boot: ESP-IDF v5.1.1-dirty 2nd stage bootloader[0m
[0;32mI (31) boot: compile time Mar 16 2024 21:52:41[0m
[0;32mI (31) boot: Multicore bootloader[0m
[0;32mI (36) boot: chip revision: v3.1[0m
[0;32mI (40) boot.esp32: SPI Speed      : 40MHz[0m
[0;32mI (44) boot.esp32: SPI Mode       : DIO[0m
[0;32mI (49) boot.esp32: SPI Flash Size : 4MB[0m
[0;32mI (53) boot: Enabling RNG early entropy source...[0m
[0;32mI (59) boot: Partition Table:[0m
[0;32mI (62) boot: ## Label            Usage          Type ST Offset   Length[0m
[0;32mI (70) boot:  0 nvs              WiFi data        01 02 00009000 0000e000[0m
[0;32mI (77) boot:  1 otadata          OTA data         01 00 00017000 00002000[0m
[0;32mI (85) boot:  2 phy_init         RF data          01 01 00019000 00001000[0m
[0;32mI (92) boot:  3 ota_0            OTA app          00 10 00020000 001a9000[0m
[0;32mI (100) boot:  4 ota_1            OTA app          00 11 001d0000 001a9000[0m
[0;32mI (107) boot:  5 storage          Unknown data     01 81 00379000 00087000[0m
[0;32mI (115) boot: End of partition table[0m
[0;32mI (119) esp_image: segment 0: paddr=00020020 vaddr=3f400020 size=3ef28h (257832) map[0m
[0;32mI (221) esp_image: segment 1: paddr=0005ef50 vaddr=3ffbdb60 size=010c8h (  4296) load[0m
[0;32mI (223) esp_image: segment 2: paddr=00060020 vaddr=400d0020 size=fdcf8h (1039608) map[0m
[0;32mI (602) esp_image: segment 3: paddr=0015dd20 vaddr=3ffbec28 size=045f8h ( 17912) load[0m
[0;32mI (609) esp_image: segment 4: paddr=00162320 vaddr=40080000 size=2108ch (135308) load[0m
[0;32mI (682) boot: Loaded app from partition at offset 0x20000[0m
[0;32mI (682) boot: Disabling RNG early entropy source...[0m
[0;32mI (694) cpu_start: Multicore app[0m
[0;32mI (694) cpu_start: Pro cpu up.[0m
[0;32mI (694) cpu_start: Starting app cpu, entry point is 0x400815d0[0m
[0;32mI (0) cpu_start: App cpu up.[0m
[0;32mI (714) cpu_start: Pro cpu start user code[0m
[0;32mI (714) cpu_start: cpu freq: 160000000 Hz[0m
[0;32mI (714) cpu_start: Application information:[0m
[0;32mI (719) cpu_start: Project name:     gatt_server_demos[0m
[0;32mI (725) cpu_start: App version:      a2f6461-dirty[0m
[0;32mI (730) cpu_start: Compile time:     Mar 16 2024 21:52:29[0m
[0;32mI (736) cpu_start: ELF file SHA256:  9ec8221f1eed6670...[0m
[0;32mI (742) cpu_start: ESP-IDF:          v5.1.1-dirty[0m
[0;32mI (748) cpu_start: Min chip rev:     v0.0[0m
[0;32mI (752) cpu_start: Max chip rev:     v3.99 [0m
[0;32mI (757) cpu_start: Chip rev:         v3.1[0m
[0;32mI (762) heap_init: Initializing. RAM available for dynamic allocation:[0m
[0;32mI (769) heap_init: At 3FFAFF10 len 000000F0 (0 KiB): DRAM[0m
[0;32mI (775) heap_init: At 3FFB6388 len 00001C78 (7 KiB): DRAM[0m
[0;32mI (781) heap_init: At 3FFB9A20 len 00004108 (16 KiB): DRAM[0m
[0;32mI (787) heap_init: At 3FFCC350 len 00013CB0 (79 KiB): DRAM[0m
[0;32mI (794) heap_init: At 3FFE0440 len 00003AE0 (14 KiB): D/IRAM[0m
[0;32mI (800) heap_init: At 3FFE4350 len 0001AC24 (107 KiB): D/IRAM[0m
[0;32mI (808) spi_flash: detected chip: generic[0m
[0;32mI (811) spi_flash: flash io: dio[0m
[0;32mI (816) coexist: coex firmware version: 80b0d89[0m
[0;32mI (821) app_start: Starting scheduler on CPU0[0m
[0;32m[0;32mI (825) app_start: Starting scheduler on CPU1[0m
I (825) main_task: Started on CPU0[0m
[0;32mI (835) main_task: Calling app_main()[0m
[0;32mI (865) W25Q32: Init spi bus[0m
[0;32mI (875) gpio: GPIO[14]| InputEn: 0| OutputEn: 0| OpenDrain: 0| Pullup: 1| Pulldown: 0| Intr:0 [0m
[0;32mI (875) BLE:: ble task, wifi queue: 0, data_flag: 0[0m
[0;32mI (875) WIFI: wifi task, ble_queue: 0 wifi_connect: 0[0m
[0;32mI (885) UART: uart task[0m
[0;32mI (885) uart: queue free spaces: 20[0m
[0;32mI (895) UART: init uart[0m
[0;32mI (895) main_task: Returned from app_main()[0m
[0;32mI (975) BLE:: ble task have mutex[0m
[0;32mI (975) W25Q32: Read data from w25q32 at 0: [0m
[0;32mI (975) W25Q32: wifi data location: [0m
[0;32mI (975) W25Q32: There has never been wifi data written to the w25q32 before[0m
[0;32mI (975) BLE:: ble task release mutex[0m
I (1095) wifi:wifi driver task: 3ffd3b74, prio:23, stack:6656, core=0
I (1105) wifi:wifi firmware version: ce9244d
I (1115) wifi:wifi certification version: v7.0
I (1115) wifi:config NVS flash: enabled
I (1115) wifi:config nano formating: disabled
I (1115) wifi:Init data frame dynamic rx buffer num: 32
I (1115) wifi:Init management frame dynamic rx buffer num: 32
I (1125) wifi:Init management short buffer num: 32
I (1135) wifi:Init static tx buffer num: 16
I (1135) wifi:Init static rx buffer size: 1600
I (1135) wifi:Init static rx buffer num: 10
I (1145) wifi:Init dynamic rx buffer num: 32
[0;32mI (1145) wifi_init: rx ba win: 6[0m
[0;32mI (1145) wifi_init: tcpip mbox: 32[0m
[0;32mI (1155) wifi_init: udp mbox: 6[0m
[0;32mI (1155) wifi_init: tcp mbox: 6[0m
[0;32mI (1165) wifi_init: tcp tx win: 5744[0m
[0;32mI (1165) wifi_init: tcp rx win: 5744[0m
[0;32mI (1165) wifi_init: tcp mss: 1440[0m
[0;32mI (1175) wifi_init: WiFi IRAM OP enabled[0m
[0;32mI (1175) wifi_init: WiFi RX IRAM OP enabled[0m
[0;32mI (1185) BLE:: ble task have mutex[0m
[0;32mI (1185) BTDM_INIT: BT controller compile version [946b762][0m
[0;32mI (1195) BTDM_INIT: Bluetooth MAC: fc:b4:67:f5:ed:82[0m
[0;32mI (1205) phy_init: phy_version 4670,719f9f6,Feb 18 2021,17:07:07[0m
[0;32mI (1625) BLE:: ble task release mutex[0m
[0;32mI (1625) BLE:: init ble[0m
[0;32mI (1625) BLE:: init lwip[0m
[0;32mI (1625) GATTS_DEMO: REGISTER_APP_EVT, status 0, app_id 0
[0m
[0;32mI (1645) GATTS_DEMO: CREATE_SERVICE_EVT, status 0,  service_handle 40
[0m
[0;32mI (1655) GATTS_DEMO: SERVICE_START_EVT, status 0, service_handle 40
[0m
[0;32mI (1655) GATTS_DEMO: ADD_CHAR_EVT, status 0,  attr_handle 42, service_handle 40
[0m
[0;32mI (1665) GATTS_DEMO: the gatts demo char length = 3
[0m
[0;32mI (1665) GATTS_DEMO: prf_char[0] =11
[0m
[0;32mI (1675) GATTS_DEMO: prf_char[1] =22
[0m
[0;32mI (1675) GATTS_DEMO: prf_char[2] =33
[0m
[0;32mI (1685) GATTS_DEMO: ADD_DESCR_EVT, status 0, attr_handle 43, service_handle 40
[0m
