ets Jul 29 2019 12:21:46

rst:0x1 (POWERON_RESET),boot:0x13 (SPI_FAST_FLASH_BOOT)
configsip: 0, SPIWP:0xee
clk_drv:0x00,q_drv:0x00,d_drv:0x00,cs0_drv:0x00,hd_drv:0x00,wp_drv:0x00
mode:DIO, clock div:2
load:0x3fff0030,len:7084
ho 0 tail 12 room 4
load:0x40078000,len:15584
load:0x40080400,len:4
load:0x40080404,len:3876
entry 0x4008064c
[0;32mI (31) boot: ESP-IDF v5.1.1-dirty 2nd stage bootloader[0m
[0;32mI (31) boot: compile time Mar 15 2024 21:45:27[0m
[0;32mI (31) boot: Multicore bootloader[0m
[0;32mI (36) boot: chip revision: v3.1[0m
[0;32mI (40) boot.esp32: SPI Speed      : 40MHz[0m
[0;32mI (44) boot.esp32: SPI Mode       : DIO[0m
[0;32mI (49) boot.esp32: SPI Flash Size : 4MB[0m
[0;32mI (53) boot: Enabling RNG early entropy source...[0m
[0;32mI (59) boot: Partition Table:[0m
[0;32mI (62) boot: ## Label            Usage          Type ST Offset   Length[0m
[0;32mI (70) boot:  0 nvs              WiFi data        01 02 00009000 00006000[0m
[0;32mI (77) boot:  1 phy_init         RF data          01 01 0000f000 00001000[0m
[0;32mI (85) boot:  2 factory          factory app      00 00 00010000 00177000[0m
[0;32mI (92) boot: End of partition table[0m
[0;32mI (96) esp_image: segment 0: paddr=00010020 vaddr=3f400020 size=3e008h (253960) map[0m
[0;32mI (196) esp_image: segment 1: paddr=0004e030 vaddr=3ffbdb60 size=01fe8h (  8168) load[0m
[0;32mI (200) esp_image: segment 2: paddr=00050020 vaddr=400d0020 size=fb994h (1030548) map[0m
[0;32mI (574) esp_image: segment 3: paddr=0014b9bc vaddr=3ffbfb48 size=03598h ( 13720) load[0m
[0;32mI (580) esp_image: segment 4: paddr=0014ef5c vaddr=40080000 size=1fbb4h (129972) load[0m
[0;32mI (650) boot: Loaded app from partition at offset 0x10000[0m
[0;32mI (650) boot: Disabling RNG early entropy source...[0m
[0;32mI (662) cpu_start: Multicore app[0m
[0;32mI (662) cpu_start: Pro cpu up.[0m
[0;32mI (662) cpu_start: Starting app cpu, entry point is 0x40081524[0m
[0;32mI (0) cpu_start: App cpu up.[0m
[0;32mI (682) cpu_start: Pro cpu start user code[0m
[0;32mI (682) cpu_start: cpu freq: 160000000 Hz[0m
[0;32mI (682) cpu_start: Application information:[0m
[0;32mI (687) cpu_start: Project name:     gatt_server_demos[0m
[0;32mI (693) cpu_start: App version:      a2b1b1e-dirty[0m
[0;32mI (698) cpu_start: Compile time:     Mar 15 2024 21:45:19[0m
[0;32mI (704) cpu_start: ELF file SHA256:  e3a74f3878d5f17f...[0m
[0;32mI (710) cpu_start: ESP-IDF:          v5.1.1-dirty[0m
[0;32mI (716) cpu_start: Min chip rev:     v0.0[0m
[0;32mI (720) cpu_start: Max chip rev:     v3.99 [0m
[0;32mI (725) cpu_start: Chip rev:         v3.1[0m
[0;32mI (730) heap_init: Initializing. RAM available for dynamic allocation:[0m
[0;32mI (737) heap_init: At 3FFAFF10 len 000000F0 (0 KiB): DRAM[0m
[0;32mI (743) heap_init: At 3FFB6388 len 00001C78 (7 KiB): DRAM[0m
[0;32mI (749) heap_init: At 3FFB9A20 len 00004108 (16 KiB): DRAM[0m
[0;32mI (756) heap_init: At 3FFCC1E0 len 00013E20 (79 KiB): DRAM[0m
[0;32mI (762) heap_init: At 3FFE0440 len 00003AE0 (14 KiB): D/IRAM[0m
[0;32mI (768) heap_init: At 3FFE4350 len 0001BCB0 (111 KiB): D/IRAM[0m
[0;32mI (774) heap_init: At 4009FBB4 len 0000044C (1 KiB): IRAM[0m
[0;32mI (782) spi_flash: detected chip: generic[0m
[0;32mI (785) spi_flash: flash io: dio[0m
[0;32mI (790) coexist: coex firmware version: 80b0d89[0m
[0;32mI (795) app_start: Starting scheduler on CPU0[0m
[0;32[0;32mI (799) app_start: Starting scheduler on CPU1[0m
mI (799) main_task: Started on CPU0[0m
[0;32mI (809) main_task: Calling app_main()[0m
[0;31mE (839) spi_master: check_trans_valid(763): invalid dev handle[0m
[0;32mI (839) W25Q32: Spi transmit fail[0m
[0;32mI (849) W25Q32: Read data from w25q32 at 0: 4ï¿½ï¿½?4ï¿½ï¿½?[0m
[0;32mI (849) W25Q32: wifi data location: 4ï¿½ï¿½?4ï¿½ï¿½?[0m
[0;32mI (849) WIFI: wifi task, ble_queue: 0 wifi_connect: 0[0m
[0;32mI (849) UART: uart task[0m
[0;32mI (849) W25Q32: There has never been wifi data written to the w25q32 before[0m
[0;32mI (859) uart: queue free spaces: 20[0m
[0;32mI (879) UART: init uart[0m
[0;32mI (869) BLE:: ble task, wifi queue: 0, data_flag: 0[0m
[0;32mI (849) main_task: Returned from app_main()[0m
[0;32mI (889) BTDM_INIT: BT controller compile version [946b762][0m
[0;32mI (899) BTDM_INIT: Bluetooth MAC: fc:b4:67:f5:ed:82[0m
[0;32mI (899) phy_init: phy_version 4670,719f9f6,Feb 18 2021,17:07:07[0m
[0;32mI (1339) BLE:: init ble[0m
[0;32mI (1339) GATTS_DEMO: REGISTER_APP_EVT, status 0, app_id 0
[0m
I (1349) wifi:wifi driver task: 3ffdd0f4, prio:23, stack:6656, core=0[0;32mI (1349) GATTS_DEMO: CREATE_SERVICE_EVT, status 0,  service_handle 40
[0m

I (1369) wifi:wifi firmware version: ce9244d
I (1369) wifi:wifi certification version: v7.0
I (1369) wifi:config NVS flash: enabled
I (1369) wifi:config nano formating: disabled
I (1379) wifi:Init data frame dynamic rx buffer num: 32
I (1379) wifi:Init management frame dynamic rx buffer num: 32
I (1389) wifi:Init management short buffer num: 32
I (1389) wifi:Init static tx buffer num: 16
I (1399) wifi:Init static rx buffer size: 1600
I (1399) wifi:Init static rx buffer num: 10
I (1409) wifi:Init dynamic rx buffer num: 32
[0;32mI (1409) wifi_init: rx ba win: 6[0m
[0;32mI (1409) wifi_init: tcpip mbox: 32[0m
[0;32mI (1419) wifi_init: udp mbox: 6[0m
[0;32mI (1419) wifi_init: tcp mbox: 6[0m
[0;32mI (1429) wifi_init: tcp tx win: 5744[0m
[0;32mI (1429) GATTS_DEMO: SERVICE_START_EVT, status 0, service_handle 40
[0m
[0;32mI (1429) wifi_init: tcp rx win: 5744[0m
[0;32mI (1439) GATTS_DEMO: ADD_CHAR_EVT, status 0,  attr_handle 42, service_handle 40
[0m
[0;32mI (1439) wifi_init: tcp mss: 1440[0m
[0;32mI (1449) GATTS_DEMO: the gatts demo char length = 3
[0m
[0;32mI (1459) GATTS_DEMO: prf_char[0] =11
[0m
[0;32mI (1449) wifi_init: WiFi IRAM OP enabled[0m
[0;32mI (1459) GATTS_DEMO: prf_char[1] =22
[0m
[0;32mI (1469) wifi_init: WiFi RX IRAM OP enabled[0m
[0;32mI (1469) GATTS_DEMO: prf_char[2] =33
[0m
[0;32mI (1479) BLE:: init lwip[0m
[0;32mI (1479) GATTS_DEMO: ADD_DESCR_EVT, status 0, attr_handle 43, service_handle 40
[0m
[0;32mI (25839) GATTS_DEMO: ESP_GATTS_CONNECT_EVT, conn_id 0, remote 7d:d5:1a:4b:25:bb:[0m
[0;32mI (26279) GATTS_DEMO: update connection params status = 0, min_int = 16, max_int = 32,conn_int = 24,latency = 0, timeout = 400[0m
[0;32mI (26689) GATTS_DEMO: update connection params status = 0, min_int = 0, max_int = 0,conn_int = 6,latency = 0, timeout = 500[0m
[0;32mI (26869) GATTS_DEMO: ESP_GATTS_MTU_EVT, MTU 500[0m
[0;32mI (26909) GATTS_DEMO: update connection params status = 0, min_int = 0, max_int = 0,conn_int = 24,latency = 0, timeout = 400[0m
