32mI (498) heap_init: At 3FFB9A20 len 00004108 (16 KiB): DRAM[0m
[0;32mI (504ï¿½+Úšï¿½j%ï¿½(557) app_start: Starting scï¿½ets Jul 29 2019 12:21:46

rst:0x1 (POWERON_RESET),boot:0x13 (SPI_FAST_FLASH_BOOT)
configsip: 0, SPIWP:0xee
clk_drv:0x00,q_drv:0x00,d_drv:0x00,cs0_drv:0x00,hd_drv:0x00,wp_drv:0x00
mode:DIO, clock div:2
load:0x3fff0030,len:7084
ho 0 tail 12 room 4
load:0x40078000,len:15584
load:0x40080400,len:4
load:0x40080404,len:3876
entry 0x4008064c
[0;32mI (31) boot: ESP-IDF v5.1.1-dirty 2nd stage bootloader[0m
[0;32mI (31) boot: compile time Feb  3 2024 15:30:51[0m
[0;32mI (31) boot: Multicore bootloader[0m
[0;32mI (36) boot: chip revision: v3.1[0m
[0;32mI (40) boot.esp32: SPI Speed      : 40MHz[0m
[0;32mI (44) boot.esp32: SPI Mode       : DIO[0m
[0;32mI (49) boot.esp32: SPI Flash Size : 2MB[0m
[0;32mI (53) boot: Enabling RNG early entropy source...[0m
[0;32mI (59) boot: Partition Table:[0m
[0;32mI (62) boot: ## Label            Usage          Type ST Offset   Length[0m
[0;32mI (70) boot:  0 nvs              WiFi data        01 02 00009000 00006000[0m
[0;32mI (77) boot:  1 phy_init         RF data          01 01 0000f000 00001000[0m
[0;32mI (85) boot:  2 factory          factory app      00 00 00010000 00100000[0m
[0;32mI (92) boot: End of partition table[0m
[0;32mI (96) esp_image: segment 0: paddr=00010020 vaddr=3f400020 size=20044h (131140) map[0m
[0;32mI (152) esp_image: segment 1: paddr=0003006c vaddr=3ffbdb60 size=04538h ( 17720) load[0m
[0;32mI (159) esp_image: segment 2: paddr=000345ac vaddr=40080000 size=0ba6ch ( 47724) load[0m
[0;32mI (179) esp_image: segment 3: paddr=00040020 vaddr=400d0020 size=7f7d4h (522196) map[0m
[0;32mI (368) esp_image: segment 4: paddr=000bf7fc vaddr=4008ba6c size=0c890h ( 51344) load[0m
[0;32mI (402) boot: Loaded app from partition at offset 0x10000[0m
[0;32mI (402) boot: Disabling RNG early entropy source...[0m
[0;32mI (414) cpu_start: Multicore app[0m
[0;32mI (414) cpu_start: Pro cpu up.[0m
[0;32mI (414) cpu_start: Starting app cpu, entry point is 0x40081374[0m
[0;32mI (0) cpu_start: App cpu up.[0m
[0;32mI (432) cpu_start: Pro cpu start user code[0m
[0;32mI (432) cpu_start: cpu freq: 160000000 Hz[0m
[0;32mI (432) cpu_start: Application information:[0m
[0;32mI (437) cpu_start: Project name:     gatt_server_demos[0m
[0;32mI (443) cpu_start: App version:      1[0m
[0;32mI (447) cpu_start: Compile time:     Feb  3 2024 15:30:24[0m
[0;32mI (453) cpu_start: ELF file SHA256:  a1a57127c0209f74...[0m
[0;32mI (459) cpu_start: ESP-IDF:          v5.1.1-dirty[0m
[0;32mI (464) cpu_start: Min chip rev:     v0.0[0m
[0;32mI (469) cpu_start: Max chip rev:     v3.99 [0m
[0;32mI (474) cpu_start: Chip rev:         v3.1[0m
[0;32mI (479) heap_init: Initializing. RAM available for dynamic allocation:[0m
[0;32mI (486) heap_init: At 3FFAFF10 len 000000F0 (0 KiB): DRAM[0m
[0;32mI (492) heap_init: At 3FFB6388 len 00001C78 (7 KiB): DRAM[0m
[0;32mI (498) heap_init: At 3FFB9A20 len 00004108 (16 KiB): DRAM[0m
[0;32mI (504) heap_init: At 3FFC6BC8 len 00019438 (101 KiB): DRAM[0m
[0;32mI (510) heap_init: At 3FFE0440 len 00003AE0 (14 KiB): D/IRAM[0m
[0;32mI (517) heap_init: At 3FFE4350 len 0001BCB0 (111 KiB): D/IRAM[0m
[0;32mI (523) heap_init: At 400982FC len 00007D04 (31 KiB): IRAM[0m
[0;32mI (531) spi_flash: detected chip: generic[0m
[0;32mI (534) spi_flash: flash io: dio[0m
[0;33mW (538) spi_flash: Detected size(4096k) larger than the size in the binary image header(2048k). Using the size in the binary image header.[0m
[0;32mI (552) coexist: coex firmware version: 80b0d89[0m
[0;32mI (557) app_start: Starting scheduler on CPU0[0m
[0;32[0;32mI (561) app_start: Starting scheduler on CPU1[0m
mI (561) main_task: Started on CPU0[0m
[0;32mI (571) main_task: Calling app_main()[0m
[0;32mI (601) BTDM_INIT: BT controller compile version [946b762][0m
[0;32mI (611) BTDM_INIT: Bluetooth MAC: 24:dc:c3:a6:d0:2a[0m
[0;32mI (611) phy_init: phy_version 4670,719f9f6,Feb 18 2021,17:07:07[0m
[0;32mI (1041) GATTS_DEMO: REGISTER_APP_EVT, status 0, app_id 0
[0m
[0;32mI (1041) main_task: Returned from app_main()[0m
[0;32mI (1051) GATTS_DEMO: CREATE_SERVICE_EVT, status 0,  service_handle 40
[0m
[0;32mI (1061) GATTS_DEMO: SERVICE_START_EVT, status 0, service_handle 40
[0m
[0;32mI (1061) GATTS_DEMO: ADD_CHAR_EVT, status 0,  attr_handle 42, service_handle 40
[0m
[0;32mI (1071) GATTS_DEMO: the gatts demo char length = 3
[0m
[0;32mI (1071) GATTS_DEMO: prf_char[0] =11
[0m
[0;32mI (1081) GATTS_DEMO: prf_char[1] =22
[0m
[0;32mI (1081) GATTS_DEMO: prf_char[2] =33
[0m
[0;32mI (1091) GATTS_DEMO: ADD_DESCR_EVT, status 0, attr_handle 43, service_handle 40
[0m
[0;32mI (18851) GATTS_DEMO: ESP_GATTS_CONNECT_EVT, conn_id 0, remote 45:2d:ce:2c:f6:80:[0m
[0;32mI (19231) GATTS_DEMO: update connection params status = 0, min_int = 16, max_int = 32,conn_int = 6,latency = 0, timeout = 500[0m
[0;32mI (19451) GATTS_DEMO: ESP_GATTS_MTU_EVT, MTU 500[0m
[0;32mI (19501) GATTS_DEMO: update connection params status = 0, min_int = 0, max_int = 0,conn_int = 24,latency = 0, timeout = 400[0m
[0;31mE (30901) BT_GATT: gatt_sr_write_cl_supp_feat len 21[0m
[0;32mI (30961) GATTS_DEMO: GATT_WRITE_EVT, conn_id 0, trans_id 3, handle 42[0m
[0;32mI (30961) GATTS_DEMO: GATT_WRITE_EVT, value len 21, value : w:sjskjsn	p:123123123 profile x[0m
[0;32mI (30961) GATTS_DEMO: 77 3a 73 6a 73 6b 6a 73 6e 09 70 3a 31 32 33 31 [0m
[0;32mI (30971) GATTS_DEMO: 32 33 31 32 33 [0m
ssid: .sjskjsn. pass: .123123123.
[0;33mW (44881) BT_HCI: hcif disc complete: hdl 0x0, rsn 0x13[0m
