ets Jul 29 2019 12:21:46

rst:0x1 (POWERON_RESET),boot:0x13 (SPI_FAST_FLASH_BOOT)
configsip: 0, SPIWP:0xee
clk_drv:0x00,q_drv:0x00,d_drv:0x00,cs0_drv:0x00,hd_drv:0x00,wp_drv:0x00
mode:DIO, clock div:2
load:0x3fff0030,len:7084
ho 0 tail 12 room 4
load:0x40078000,len:15584
load:0x40080400,len:4
load:0x40080404,len:3876
entry 0x4008064c
[0;32mI (31) boot: ESP-IDF v5.1.1-dirty 2nd stage bootloader[0m
[0;32mI (31) boot: compile time Feb  6 2024 13:00:59[0m
[0;32mI (31) boot: Multicore bootloader[0m
[0;32mI (36) boot: chip revision: v3.1[0m
[0;32mI (40) boot.esp32: SPI Speed      : 40MHz[0m
[0;32mI (44) boot.esp32: SPI Mode       : DIO[0m
[0;32mI (49) boot.esp32: SPI Flash Size : 4MB[0m
[0;32mI (53) boot: Enabling RNG early entropy source...[0m
[0;32mI (59) boot: Partition Table:[0m
[0;32mI (62) boot: ## Label            Usage          Type ST Offset   Length[0m
[0;32mI (70) boot:  0 nvs              WiFi data        01 02 00009000 00006000[0m
[0;32mI (77) boot:  1 phy_init         RF data          01 01 0000f000 00001000[0m
[0;32mI (85) boot:  2 factory          factory app      00 00 00010000 00177000[0m
[0;32mI (92) boot: End of partition table[0m
[0;32mI (96) esp_image: segment 0: paddr=00010020 vaddr=3f400020 size=352f8h (217848) map[0m
[0;32mI (183) esp_image: segment 1: paddr=00045320 vaddr=3ffbdb60 size=05468h ( 21608) load[0m
[0;32mI (192) esp_image: segment 2: paddr=0004a790 vaddr=40080000 size=05888h ( 22664) load[0m
[0;32mI (202) esp_image: segment 3: paddr=00050020 vaddr=400d0020 size=db0c8h (897224) map[0m
[0;32mI (526) esp_image: segment 4: paddr=0012b0f0 vaddr=40085888 size=1907ch (102524) load[0m
[0;32mI (584) boot: Loaded app from partition at offset 0x10000[0m
[0;32mI (584) boot: Disabling RNG early entropy source...[0m
[0;32mI (596) cpu_start: Multicore app[0m
[0;32mI (596) cpu_start: Pro cpu up.[0m
[0;32mI (596) cpu_start: Starting app cpu, entry point is 0x40081408[0m
[0;32mI (0) cpu_start: App cpu up.[0m
[0;32mI (616) cpu_start: Pro cpu start user code[0m
[0;32mI (616) cpu_start: cpu freq: 160000000 Hz[0m
[0;32mI (616) cpu_start: Application information:[0m
[0;32mI (621) cpu_start: Project name:     gatt_server_demos[0m
[0;32mI (627) cpu_start: App version:      f5a093e-dirty[0m
[0;32mI (632) cpu_start: Compile time:     Feb  6 2024 13:00:51[0m
[0;32mI (638) cpu_start: ELF file SHA256:  2fbea891befb1e7f...[0m
[0;32mI (644) cpu_start: ESP-IDF:          v5.1.1-dirty[0m
[0;32mI (650) cpu_start: Min chip rev:     v0.0[0m
[0;32mI (655) cpu_start: Max chip rev:     v3.99 [0m
[0;32mI (659) cpu_start: Chip rev:         v3.1[0m
[0;32mI (664) heap_init: Initializing. RAM available for dynamic allocation:[0m
[0;32mI (672) heap_init: At 3FFAFF10 len 000000F0 (0 KiB): DRAM[0m
[0;32mI (677) heap_init: At 3FFB6388 len 00001C78 (7 KiB): DRAM[0m
[0;32mI (683) heap_init: At 3FFB9A20 len 00004108 (16 KiB): DRAM[0m
[0;32mI (690) heap_init: At 3FFCB088 len 00014F78 (83 KiB): DRAM[0m
[0;32mI (696) heap_init: At 3FFE0440 len 00003AE0 (14 KiB): D/IRAM[0m
[0;32mI (702) heap_init: At 3FFE4350 len 0001BCB0 (111 KiB): D/IRAM[0m
[0;32mI (709) heap_init: At 4009E904 len 000016FC (5 KiB): IRAM[0m
[0;32mI (716) spi_flash: detected chip: generic[0m
[0;32mI (719) spi_flash: flash io: dio[0m
[0;32mI (724) coexist: coex firmware version: 80b0d89[0m
[0;32mI (729) app_start: Starting scheduler on CPU0[0m
[0;32m[0;32mI (734) app_start: Starting scheduler on CPU1[0m
I (734) main_task: Started on CPU0[0m
[0;32mI (744) main_task: Calling app_main()[0m
[0;32mI (774) BLE:: ble task, wifi queue: 0, data_flag: 0[0m
[0;32mI (784) BTDM_INIT: BT controller compile version [946b762][0m
[0;32mI (784) main_task: Returned from app_main()[0m
[0;32mI (784) WIFI: wifi task, ble_queue: 0 wifi_connect: 1[0m
[0;32mI (784) BTDM_INIT: Bluetooth MAC: 24:dc:c3:a6:d0:2a[0m
[0;32mI (794) phy_init: phy_version 4670,719f9f6,Feb 18 2021,17:07:07[0m
[0;32mI (1234) GATTS_DEMO: REGISTER_APP_EVT, status 0, app_id 0
[0m
[0;32mI (1244) GATTS_DEMO: CREATE_SERVICE_EVT, status 0,  service_handle 40
[0m
[0;32mI (1254) GATTS_DEMO: SERVICE_START_EVT, status 0, service_handle 40
[0m
[0;32mI (1264) GATTS_DEMO: ADD_CHAR_EVT, status 0,  attr_handle 42, service_handle 40
[0m
[0;32mI (1264) GATTS_DEMO: the gatts demo char length = 3
[0m
[0;32mI (1274) GATTS_DEMO: prf_char[0] =11
[0m
[0;32mI (1274) GATTS_DEMO: prf_char[1] =22
[0m
[0;32mI (1274) GATTS_DEMO: prf_char[2] =33
[0m
[0;32mI (1284) GATTS_DEMO: ADD_DESCR_EVT, status 0, attr_handle 43, service_handle 40
[0m
[0;32mI (21734) GATTS_DEMO: ESP_GATTS_CONNECT_EVT, conn_id 0, remote 46:cd:92:dd:d8:8d:[0m
[0;32mI (22114) GATTS_DEMO: update connection params status = 0, min_int = 16, max_int = 32,conn_int = 6,latency = 0, timeout = 500[0m
[0;32mI (22454) GATTS_DEMO: ESP_GATTS_MTU_EVT, MTU 500[0m
[0;32mI (22494) GATTS_DEMO: update connection params status = 0, min_int = 0, max_int = 0,conn_int = 24,latency = 0, timeout = 400[0m
[0;31mE (30774) BT_GATT: gatt_sr_write_cl_supp_feat len 35[0m
[0;32mI (30864) GATTS_DEMO: GATT_WRITE_EVT, conn_id 0, trans_id 3, handle 42[0m
[0;32mI (30864) GATTS_DEMO: GATT_WRITE_EVT, value len 35, value : w:Infrastructure NW	p:NetworkPolicy profile x[0m
[0;32mI (30874) GATTS_DEMO: 77 3a 49 6e 66 72 61 73 74 72 75 63 74 75 72 65 [0m
[0;32mI (30874) GATTS_DEMO: 20 4e 57 09 70 3a 4e 65 74 77 6f 72 6b 50 6f 6c [0m
[0;32mI (30884) GATTS_DEMO: 69 63 79 [0m
[0;32mI (30884) BLE: dataflag = 1[0m
[0;32mI (31234) BLE:: ble task have mutex[0m
[0;32mI (31234) BLE:: send data to queue[0m
[0;33mW (31244) BT_HCI: hci cmd send: disconnect: hdl 0x0, rsn:0x13[0m
[0;32mI (31244) GATTS_DEMO: ESP_GATTS_DISCONNECT_EVT, disconnect reason 0x16[0m
[0;33mW (31284) BT_HCI: hcif disc complete: hdl 0x0, rsn 0x16[0m
[0;32mI (32294) BLE:: disable ble[0m
[0;32mI (32294) BLE:: ble task release mutex[0m
[0;32mI (32294) WIFI: wifi task have mutex[0m
[0;32mI (32294) WIFI: receive data from ble: w:Infrastructure NW	p:NetworkPolicy[0m
ssid: .Infrastructure NW. pass: .NetworkPolicy.
[0;32mI (32304) WIFI: ssid:Infrastructure NW password:NetworkPolicy[0m
I (32324) wifi:wifi driver task: 3ffd050c, prio:23, stack:6656, core=0
I (32344) wifi:wifi firmware version: ce9244d
I (32344) wifi:wifi certification version: v7.0
I (32344) wifi:config NVS flash: enabled
I (32344) wifi:config nano formating: disabled
I (32344) wifi:Init data frame dynamic rx buffer num: 32
I (32354) wifi:Init management frame dynamic rx buffer num: 32
I (32354) wifi:Init management short buffer num: 32
I (32364) wifi:Init dynamic tx buffer num: 32
I (32364) wifi:Init static rx buffer size: 1600
I (32364) wifi:Init static rx buffer num: 10
I (32374) wifi:Init dynamic rx buffer num: 32
[0;32mI (32374) wifi_init: rx ba win: 6[0m
[0;32mI (32384) wifi_init: tcpip mbox: 32[0m
[0;32mI (32384) wifi_init: udp mbox: 6[0m
[0;32mI (32384) wifi_init: tcp mbox: 6[0m
[0;32mI (32394) wifi_init: tcp tx win: 5744[0m
[0;32mI (32394) wifi_init: tcp rx win: 5744[0m
[0;32mI (32404) wifi_init: tcp mss: 1440[0m
[0;32mI (32404) wifi_init: WiFi IRAM OP enabled[0m
[0;32mI (32414) wifi_init: WiFi RX IRAM OP enabled[0m
I (32464) wifi:mode : sta (24:dc:c3:a6:d0:28)
I (32474) wifi:enable tsf
[0;32mI (32474) WIFI STATION: wifi_init_sta finished.[0m
[0;32mI (32474) WIFI: wifi task release mutex[0m
I (34884) wifi:new:<12,0>, old:<1,0>, ap:<255,255>, sta:<12,0>, prof:1
I (36064) wifi:state: init -> auth (b0)
I (36064) wifi:state: auth -> assoc (0)
I (36084) wifi:state: assoc -> run (10)
I (36084) wifi:<ba-add>idx:0 (ifx:0, 24:0b:2a:2e:69:79), tid:5, ssn:0, winSize:64
I (36184) wifi:<ba-add>idx:1 (ifx:0, 24:0b:2a:2e:69:79), tid:0, ssn:2, winSize:64
I (36184) wifi:connected with Infrastructure NW, aid = 5, channel 12, BW20, bssid = 24:0b:2a:2e:69:79
I (36194) wifi:security: WPA2-PSK, phy: bgn, rssi: -54
I (36204) wifi:pm start, type: 1

I (36264) wifi:AP's beacon interval = 102400 us, DTIM period = 1
[0;32mI (37204) esp_netif_handlers: sta ip: 192.168.1.8, mask: 255.255.255.0, gw: 192.168.1.1[0m
[0;32mI (37204) WIFI STATION: got ip:192.168.1.8[0m
ets Jul 29 2019 12:21:46

rst:0x1 (POWERON_RESET),boot:0x13 (SPI_FAST_FLASH_BOOT)
configsip: 0, SPIWP:0xee
clk_drv:0x00,q_drv:0x00,d_drv:0x00,cs0_drv:0x00,hd_drv:0x00,wp_drv:0x00
mode:DIO, clock div:2
load:0x3fff0030,len:7084
ho 0 tail 12 room 4
load:0x40078000,len:15584
load:0x40080400,len:4
load:0x40080404,len:3876
entry 0x4008064c
[0;32mI (31) boot: ESP-IDF v5.1.1-dirty 2nd stage bootloader[0m
[0;32mI (31) boot: compile time Feb  6 2024 13:00:59[0m
[0;32mI (31) boot: Multicore bootloader[0m
[0;32mI (36) boot: chip revision: v3.1[0m
[0;32mI (40) boot.esp32: SPI Speed      : 40MHz[0m
[0;32mI (44) boot.esp32: SPI Mode       : DIO[0m
[0;32mI (49) boot.esp32: SPI Flash Size : 4MB[0m
[0;32mI (53) boot: Enabling RNG early entropy source...[0m
[0;32mI (59) boot: Partition Table:[0m
[0;32mI (62) boot: ## Label            Usage          Type ST Offset   Length[0m
[0;32mI (70) boot:  0 nvs              WiFi data        01 02 00009000 00006000[0m
[0;32mI (77) boot:  1 phy_init         RF data          01 01 0000f000 00001000[0m
[0;32mI (85) boot:  2 factory          factory app      00 00 00010000 00177000[0m
[0;32mI (92) boot: End of partition table[0m
[0;32mI (96) esp_image: segment 0: paddr=00010020 vaddr=3f400020 size=352f8h (217848) map[0m
[0;32mI (183) esp_image: segment 1: paddr=00045320 vaddr=3ffbdb60 size=05468h ( 21608) load[0m
[0;32mI (192) esp_image: segment 2: paddr=0004a790 vaddr=40080000 size=05888h ( 22664) load[0m
[0;32mI (202) esp_image: segment 3: paddr=00050020 vaddr=400d0020 size=db0c8h (897224) map[0m
[0;32mI (526) esp_image: segment 4: paddr=0012b0f0 vaddr=40085888 size=1907ch (102524) load[0m
[0;32mI (584) boot: Loaded app from partition at offset 0x10000[0m
[0;32mI (584) boot: Disabling RNG early entropy source...[0m
[0;32mI (596) cpu_start: Multicore app[0m
[0;32mI (596) cpu_start: Pro cpu up.[0m
[0;32mI (596) cpu_start: Starting app cpu, entry point is 0x40081408[0m
[0;32mI (0) cpu_start: App cpu up.[0m
[0;32mI (616) cpu_start: Pro cpu start user code[0m
[0;32mI (616) cpu_start: cpu freq: 160000000 Hz[0m
[0;32mI (616) cpu_start: Application information:[0m
[0;32mI (621) cpu_start: Project name:     gatt_server_demos[0m
[0;32mI (627) cpu_start: App version:      f5a093e-dirty[0m
[0;32mI (632) cpu_start: Compile time:     Feb  6 2024 13:00:51[0m
[0;32mI (638) cpu_start: ELF file SHA256:  2fbea891befb1e7f...[0m
[0;32mI (644) cpu_start: ESP-IDF:          v5.1.1-dirty[0m
[0;32mI (650) cpu_start: Min chip rev:     v0.0[0m
[0;32mI (655) cpu_start: Max chip rev:     v3.99 [0m
[0;32mI (659) cpu_start: Chip rev:         v3.1[0m
[0;32mI (664) heap_init: Initializing. RAM available for dynamic allocation:[0m
[0;32mI (672) heap_init: At 3FFAFF10 len 000000F0 (0 KiB): DRAM[0m
[0;32mI (677) heap_init: At 3FFB6388 len 00001C78 (7 KiB): DRAM[0m
[0;32mI (683) heap_init: At 3FFB9A20 len 00004108 (16 KiB): DRAM[0m
[0;32mI (690) heap_init: At 3FFCB088 len 00014F78 (83 KiB): DRAM[0m
[0;32mI (696) heap_init: At 3FFE0440 len 00003AE0 (14 KiB): D/IRAM[0m
[0;32mI (702) heap_init: At 3FFE4350 len 0001BCB0 (111 KiB): D/IRAM[0m
[0;32mI (709) heap_init: At 4009E904 len 000016FC (5 KiB): IRAM[0m
[0;32mI (716) spi_flash: detected chip: generic[0m
[0;32mI (719) spi_flash: flash io: dio[0m
[0;32mI (724) coexist: coex firmware version: 80b0d89[0m
[0;32mI (729) app_start: Starting scheduler on CPU0[0m
[0;32m[0;32mI (734) app_start: Starting scheduler on CPU1[0m
I (734) main_task: Started on CPU0[0m
[0;32mI (744) main_task: Calling app_main()[0m
[0;32mI (774) BLE:: ble task, wifi queue: 0, data_flag: 0[0m
[0;32mI (774) BTDM_INIT: BT controller compile version [946b762][0m
[0;32mI (784) main_task: Returned from app_main()[0m
[0;32mI (784) WIFI: wifi task, ble_queue: 0 wifi_connect: 1[0m
[0;32mI (784) BTDM_INIT: Bluetooth MAC: 24:dc:c3:a6:d0:2a[0m
[0;32mI (794) phy_init: phy_version 4670,719f9f6,Feb 18 2021,17:07:07[0m
[0;32mI (1234) GATTS_DEMO: REGISTER_APP_EVT, status 0, app_id 0
[0m
[0;32mI (1244) GATTS_DEMO: CREATE_SERVICE_EVT, status 0,  service_handle 40
[0m
[0;32mI (1254) GATTS_DEMO: SERVICE_START_EVT, status 0, service_handle 40
[0m
[0;32mI (1254) GATTS_DEMO: ADD_CHAR_EVT, status 0,  attr_handle 42, service_handle 40
[0m
[0;32mI (1264) GATTS_DEMO: the gatts demo char length = 3
[0m
[0;32mI (1264) GATTS_DEMO: prf_char[0] =11
[0m
[0;32mI (1274) GATTS_DEMO: prf_char[1] =22
[0m
[0;32mI (1274) GATTS_DEMO: prf_char[2] =33
[0m
[0;32mI (1284) GATTS_DEMO: ADD_DESCR_EVT, status 0, attr_handle 43, service_handle 40
[0m
[0;32mI (7734) GATTS_DEMO: ESP_GATTS_CONNECT_EVT, conn_id 0, remote 74:4d:9a:0e:02:42:[0m
[0;32mI (8264) GATTS_DEMO: update connection params status = 0, min_int = 16, max_int = 32,conn_int = 24,latency = 0, timeout = 400[0m
[0;32mI (8734) GATTS_DEMO: update connection params status = 0, min_int = 0, max_int = 0,conn_int = 6,latency = 0, timeout = 500[0m
[0;32mI (9164) GATTS_DEMO: ESP_GATTS_MTU_EVT, MTU 500[0m
[0;32mI (9214) GATTS_DEMO: update connection params status = 0, min_int = 0, max_int = 0,conn_int = 24,latency = 0, timeout = 400[0m
[0;31mE (16804) BT_GATT: gatt_sr_write_cl_supp_feat len 30[0m
[0;32mI (16924) GATTS_DEMO: GATT_WRITE_EVT, conn_id 0, trans_id 3, handle 42[0m
[0;32mI (16934) GATTS_DEMO: GATT_WRITE_EVT, value len 30, value : w:Wifi Ch√πa :/	p:toikhongbiet profile x[0m
[0;32mI (16934) GATTS_DEMO: 77 3a 57 69 66 69 20 43 68 c3 b9 61 20 3a 2f 09 [0m
[0;32mI (16944) GATTS_DEMO: 70 3a 74 6f 69 6b 68 6f 6e 67 62 69 65 74 [0m
[0;32mI (16954) BLE: dataflag = 1[0m
[0;32mI (17234) BLE:: ble task have mutex[0m
[0;32mI (17234) BLE:: send data to queue[0m
[0;33mW (17244) BT_HCI: hci cmd send: disconnect: hdl 0x0, rsn:0x13[0m
[0;32mI (17244) GATTS_DEMO: ESP_GATTS_DISCONNECT_EVT, disconnect reason 0x16[0m
[0;33mW (17314) BT_HCI: hcif disc complete: hdl 0x0, rsn 0x16[0m
[0;32mI (18324) BLE:: disable ble[0m
[0;32mI (18324) BLE:: ble task release mutex[0m
[0;32mI (18324) WIFI: wifi task have mutex[0m
[0;32mI (18334) WIFI: receive data from ble: w:Wifi Ch√πa :/	p:toikhongbiet[0m
ssid: .Wifi Ch√πa :/. pass: .toikhongbiet.
[0;32mI (18344) WIFI: ssid:Wifi Ch√πa :/ password:toikhongbiet[0m
I (18364) wifi:wifi driver task: 3ffcf3b0, prio:23, stack:6656, core=0
I (18384) wifi:wifi firmware version: ce9244d
I (18384) wifi:wifi certification version: v7.0
I (18384) wifi:config NVS flash: enabled
I (18384) wifi:config nano formating: disabled
I (18384) wifi:Init data frame dynamic rx buffer num: 32
I (18394) wifi:Init management frame dynamic rx buffer num: 32
I (18394) wifi:Init management short buffer num: 32
I (18404) wifi:Init dynamic tx buffer num: 32
I (18404) wifi:Init static rx buffer size: 1600
I (18404) wifi:Init static rx buffer num: 10
I (18414) wifi:Init dynamic rx buffer num: 32
[0;32mI (18414) wifi_init: rx ba win: 6[0m
[0;32mI (18424) wifi_init: tcpip mbox: 32[0m
[0;32mI (18424) wifi_init: udp mbox: 6[0m
[0;32mI (18424) wifi_init: tcp mbox: 6[0m
[0;32mI (18434) wifi_init: tcp tx win: 5744[0m
[0;32mI (18434) wifi_init: tcp rx win: 5744[0m
[0;32mI (18444) wifi_init: tcp mss: 1440[0m
[0;32mI (18444) wifi_init: WiFi IRAM OP enabled[0m
[0;32mI (18454) wifi_init: WiFi RX IRAM OP enabled[0m
I (18494) wifi:mode : sta (24:dc:c3:a6:d0:28)
I (18494) wifi:enable tsf
[0;32mI (18494) WIFI STATION: wifi_init_sta finished.[0m
[0;32mI (18494) WIFI: wifi task release mutex[0m
I (20914) wifi:new:<1,0>, old:<1,0>, ap:<255,255>, sta:<1,0>, prof:1
I (22084) wifi:state: init -> auth (b0)
I (23084) wifi:state: auth -> init (200)
I (23084) wifi:new:<1,0>, old:<1,0>, ap:<255,255>, sta:<1,0>, prof:1
[0;32mI (23094) WIFI STATION: retry to connect to the AP[0m
[0;32mI (23094) WIFI STATION: connect to the AP fail[0m
[0;32mI (25504) WIFI STATION: retry to connect to the AP[0m
[0;32mI (25504) WIFI STATION: connect to the AP fail[0m
I (27914) wifi:new:<1,0>, old:<1,0>, ap:<255,255>, sta:<1,0>, prof:1
I (27914) wifi:state: init -> auth (b0)
I (27924) wifi:state: auth -> assoc (0)
I (27934) wifi:state: assoc -> run (10)
I (27954) wifi:connected with Wifi Ch√πa :/, aid = 2, channel 1, BW20, bssid = 26:d1:fa:05:6e:c0
I (27954) wifi:security: WPA2-PSK, phy: bgn, rssi: -17
I (27974) wifi:pm start, type: 1

I (27984) wifi:AP's beacon interval = 102400 us, DTIM period = 2
I (81444) wifi:state: run -> init (3c0)
I (81444) wifi:pm stop, total sleep time: 16473016 us / 53465298 us

I (81444) wifi:new:<1,0>, old:<1,0>, ap:<255,255>, sta:<1,0>, prof:1
[0;32mI (81444) WIFI STATION: retry to connect to the AP[0m
[0;32mI (81454) WIFI STATION: connect to the AP fail[0m
[0;32mI (83864) WIFI STATION: Can't connet to the AP point[0m
[0;32mI (83864) WIFI STATION: connect to the AP fail[0m
[0;32mI (84004) WIFI: wifi task have mutex[0m
[0;32mI (84004) WIFI: send wifi connect state[0m
E (84004) wifi:NAN WiFi stop
I (84004) wifi:flush txq
I (84004) wifi:stop sw txq
I (84004) wifi:lmac stop hw txq
[0;32mI (84004) WIFI: disable wifi[0m
[0;32mI (84014) WIFI: wifi task release mutex[0m
[0;32mI (84324) BLE:: ble task have mutex[0m
[0;32mI (84324) BLE:: received data from wifi_queue[0m
[0;32mI (84324) BTDM_INIT: BT controller compile version [946b762][0m
[0;32mI (84334) BTDM_INIT: Bluetooth MAC: 24:dc:c3:a6:d0:2a[0m
[0;32mI (84654) BLE:: enable ble[0m
[0;32mI (84654) BLE:: ble task release mutex[0m
[0;32mI (84654) GATTS_DEMO: REGISTER_APP_EVT, status 0, app_id 0
[0m
[0;32mI (84674) GATTS_DEMO: CREATE_SERVICE_EVT, status 0,  service_handle 40
[0m
[0;32mI (84684) GATTS_DEMO: SERVICE_START_EVT, status 0, service_handle 40
[0m
[0;32mI (84684) GATTS_DEMO: ADD_CHAR_EVT, status 0,  attr_handle 42, service_handle 40
[0m
[0;32mI (84694) GATTS_DEMO: the gatts demo char length = 3
[0m
[0;32mI (84694) GATTS_DEMO: prf_char[0] =11
[0m
[0;32mI (84704) GATTS_DEMO: prf_char[1] =22
[0m
[0;32mI (84704) GATTS_DEMO: prf_char[2] =33
[0m
[0;32mI (84714) GATTS_DEMO: ADD_DESCR_EVT, status 0, attr_handle 43, service_handle 40
[0m
[0;32mI (85094) GATTS_DEMO: ESP_GATTS_CONNECT_EVT, conn_id 0, remote 74:4d:9a:0e:02:42:[0m
[0;32mI (85634) GATTS_DEMO: update connection params status = 0, min_int = 16, max_int = 32,conn_int = 24,latency = 0, timeout = 400[0m
[0;32mI (86064) GATTS_DEMO: update connection params status = 0, min_int = 0, max_int = 0,conn_int = 6,latency = 0, timeout = 500[0m
[0;32mI (86434) GATTS_DEMO: ESP_GATTS_MTU_EVT, MTU 500[0m
[0;32mI (86484) GATTS_DEMO: update connection params status = 0, min_int = 0, max_int = 0,conn_int = 24,latency = 0, timeout = 400[0m
[0;32mI (89554) GATTS_DEMO: ESP_GATTS_MTU_EVT, MTU 500[0m
[0;31mE (97414) BT_GATT: gatt_sr_write_cl_supp_feat len 35[0m
[0;32mI (97564) GATTS_DEMO: GATT_WRITE_EVT, conn_id 0, trans_id 3, handle 42[0m
[0;32mI (97564) GATTS_DEMO: GATT_WRITE_EVT, value len 35, value : w:Infrastructure NW	p:NetworkPolicy profile x[0m
[0;32mI (97564) GATTS_DEMO: 77 3a 49 6e 66 72 61 73 74 72 75 63 74 75 72 65 [0m
[0;32mI (97574) GATTS_DEMO: 20 4e 57 09 70 3a 4e 65 74 77 6f 72 6b 50 6f 6c [0m
[0;32mI (97584) GATTS_DEMO: 69 63 79 [0m
[0;32mI (97584) BLE: dataflag = 1[0m
[0;32mI (97654) BLE:: ble task have mutex[0m
[0;32mI (97654) BLE:: send data to queue[0m
[0;33mW (97664) BT_HCI: hci cmd send: disconnect: hdl 0x0, rsn:0x13[0m
[0;32mI (97664) GATTS_DEMO: ESP_GATTS_DISCONNECT_EVT, disconnect reason 0x16[0m
[0;33mW (97764) BT_HCI: hcif disc complete: hdl 0x0, rsn 0x16[0m
[0;32mI (98784) BLE:: disable ble[0m
[0;32mI (98784) BLE:: ble task release mutex[0m
[0;32mI (98784) WIFI: wifi task have mutex[0m
[0;32mI (98784) WIFI: receive data from ble: w:Infrastructure NW	p:NetworkPolicy[0m
ssid: .Infrastructure NW. pass: .NetworkPolicy.
[0;32mI (98794) WIFI: ssid:Infrastructure NW password:NetworkPolicy[0m
ESP_ERROR_CHECK failed: esp_err_t 0x103 (ESP_ERR_INVALID_STATE) at 0x4012938f
file: "./components/wifi_sta/wifi_sta.c" line 59
func: wifi_init_lwip
expression: esp_event_loop_create_default()

abort() was called at PC 0x4009179f on core 0


Backtrace: 0x40081ab2:0x3ffd0900 0x400917a9:0x3ffd0920 0x40098852:0x3ffd0940 0x4009179f:0x3ffd09b0 0x4012938f:0x3ffd09e0 0x400d7a32:0x3ffd0ae0 0x40094189:0x3ffd0c40




ELF file SHA256: 2fbea891befb1e7f

Rebooting...
ets Jul 29 2019 12:21:46

rst:0xc (SW_CPU_RESET),boot:0x13 (SPI_FAST_FLASH_BOOT)
configsip: 0, SPIWP:0xee
clk_drv:0x00,q_drv:0x00,d_drv:0x00,cs0_drv:0x00,hd_drv:0x00,wp_drv:0x00
mode:DIO, clock div:2
load:0x3fff0030,len:7084
ho 0 tail 12 room 4
load:0x40078000,len:15584
load:0x40080400,len:4
load:0x40080404,len:3876
entry 0x4008064c
[0;32mI (31) boot: ESP-IDF v5.1.1-dirty 2nd stage bootloader[0m
[0;32mI (31) boot: compile time Feb  6 2024 13:00:59[0m
[0;32mI (31) boot: Multicore bootloader[0m
[0;32mI (36) boot: chip revision: v3.1[0m
[0;32mI (40) boot.esp32: SPI Speed      : 40MHz[0m
[0;32mI (44) boot.esp32: SPI Mode       : DIO[0m
[0;32mI (49) boot.esp32: SPI Flash Size : 4MB[0m
[0;32mI (53) boot: Enabling RNG early entropy source...[0m
[0;32mI (59) boot: Partition Table:[0m
[0;32mI (62) boot: ## Label            Usage          Type ST Offset   Length[0m
[0;32mI (70) boot:  0 nvs              WiFi data        01 02 00009000 00006000[0m
[0;32mI (77) boot:  1 phy_init         RF data          01 01 0000f000 00001000[0m
[0;32mI (85) boot:  2 factory          factory app      00 00 00010000 00177000[0m
[0;32mI (92) boot: End of partition table[0m
[0;32mI (96) esp_image: segment 0: paddr=00010020 vaddr=3f400020 size=352f8h (217848) map[0m
[0;32mI (183) esp_image: segment 1: paddr=00045320 vaddr=3ffbdb60 size=05468h ( 21608) load[0m
[0;32mI (192) esp_image: segment 2: paddr=0004a790 vaddr=40080000 size=05888h ( 22664) load[0m
[0;32mI (202) esp_image: segment 3: paddr=00050020 vaddr=400d0020 size=db0c8h (897224) map[0m
[0;32mI (526) esp_image: segment 4: paddr=0012b0f0 vaddr=40085888 size=1907ch (102524) load[0m
[0;32mI (584) boot: Loaded app from partition at offset 0x10000[0m
[0;32mI (584) boot: Disabling RNG early entropy source...[0m
[0;32mI (596) cpu_start: Multicore app[0m
[0;32mI (596) cpu_start: Pro cpu up.[0m
[0;32mI (596) cpu_start: Starting app cpu, entry point is 0x40081408[0m
[0;32mI (586) cpu_start: App cpu up.[0m
[0;32mI (616) cpu_start: Pro cpu start user code[0m
[0;32mI (616) cpu_start: cpu freq: 160000000 Hz[0m
[0;32mI (617) cpu_start: Application information:[0m
[0;32mI (621) cpu_start: Project name:     gatt_server_demos[0m
[0;32mI (627) cpu_start: App version:      f5a093e-dirty[0m
[0;32mI (632) cpu_start: Compile time:     Feb  6 2024 13:00:51[0m
[0;32mI (639) cpu_start: ELF file SHA256:  2fbea891befb1e7f...[0m
[0;32mI (645) cpu_start: ESP-IDF:          v5.1.1-dirty[0m
[0;32mI (650) cpu_start: Min chip rev:     v0.0[0m
[0;32mI (655) cpu_start: Max chip rev:     v3.99 [0m
[0;32mI (659) cpu_start: Chip rev:         v3.1[0m
[0;32mI (664) heap_init: Initializing. RAM available for dynamic allocation:[0m
[0;32mI (672) heap_init: At 3FFAFF10 len 000000F0 (0 KiB): DRAM[0m
[0;32mI (677) heap_init: At 3FFB6388 len 00001C78 (7 KiB): DRAM[0m
[0;32mI (684) heap_init: At 3FFB9A20 len 00004108 (16 KiB): DRAM[0m
[0;32mI (690) heap_init: At 3FFCB088 len 00014F78 (83 KiB): DRAM[0m
[0;32mI (696) heap_init: At 3FFE0440 len 00003AE0 (14 KiB): D/IRAM[0m
[0;32mI (702) heap_init: At 3FFE4350 len 0001BCB0 (111 KiB): D/IRAM[0m
[0;32mI (709) heap_init: At 4009E904 len 000016FC (5 KiB): IRAM[0m
[0;32mI (716) spi_flash: detected chip: generic[0m
[0;32mI (719) spi_flash: flash io: dio[0m
[0;32mI (724) coexist: coex firmware version: 80b0d89[0m
[0;32mI (729) app_start: Starting scheduler on CPU0[0m
[0;32m[0;32mI (734) app_start: Starting scheduler on CPU1[0m
I (734) main_task: Started on CPU0[0m
[0;32mI (744) main_task: Calling app_main()[0m
[0;32mI (774) BLE:: ble task, wifi queue: 0, data_flag: 0[0m
[0;32mI (774) BTDM_INIT: BT controller compile version [946b762][0m
[0;32mI (784) BTDM_INIT: Bluetooth MAC: 24:dc:c3:a6:d0:2a[0m
[0;32mI (784) WIFI: wifi task, ble_queue: 0 wifi_connect: 1[0m
[0;32mI (784) main_task: Returned from app_main()[0m
[0;32mI (784) phy_init: phy_version 4670,719f9f6,Feb 18 2021,17:07:07[0m
[0;32mI (1214) GATTS_DEMO: REGISTER_APP_EVT, status 0, app_id 0
[0m
[0;32mI (1234) GATTS_DEMO: CREATE_SERVICE_EVT, status 0,  service_handle 40
[0m
[0;32mI (1244) GATTS_DEMO: SERVICE_START_EVT, status 0, service_handle 40
[0m
[0;32mI (1244) GATTS_DEMO: ADD_CHAR_EVT, status 0,  attr_handle 42, service_handle 40
[0m
[0;32mI (1254) GATTS_DEMO: the gatts demo char length = 3
[0m
[0;32mI (1254) GATTS_DEMO: prf_char[0] =11
[0m
[0;32mI (1264) GATTS_DEMO: prf_char[1] =22
[0m
[0;32mI (1264) GATTS_DEMO: prf_char[2] =33
[0m
[0;32mI (1274) GATTS_DEMO: ADD_DESCR_EVT, status 0, attr_handle 43, service_handle 40
[0m
