ets Jul 29 2019 12:21:46

rst:0x1 (POWERON_RESET),boot:0x13 (SPI_FAST_FLASH_BOOT)
configsip: 0, SPIWP:0xee
clk_drv:0x00,q_drv:0x00,d_drv:0x00,cs0_drv:0x00,hd_drv:0x00,wp_drv:0x00
mode:DIO, clock div:2
load:0x3fff0030,len:7084
ho 0 tail 12 room 4
load:0x40078000,len:15584
load:0x40080400,len:4
load:0x40080404,len:3876
entry 0x4008064c
[0;32mI (31) boot: ESP-IDF v5.1.1-dirty 2nd stage bootloader[0m
[0;32mI (31) boot: compile time Feb  6 2024 13:00:59[0m
[0;32mI (31) boot: Multicore bootloader[0m
[0;32mI (36) boot: chip revision: v3.1[0m
[0;32mI (40) boot.esp32: SPI Speed      : 40MHz[0m
[0;32mI (44) boot.esp32: SPI Mode       : DIO[0m
[0;32mI (49) boot.esp32: SPI Flash Size : 4MB[0m
[0;32mI (53) boot: Enabling RNG early entropy source...[0m
[0;32mI (59) boot: Partition Table:[0m
[0;32mI (62) boot: ## Label            Usage          Type ST Offset   Length[0m
[0;32mI (70) boot:  0 nvs              WiFi data        01 02 00009000 00006000[0m
[0;32mI (77) boot:  1 phy_init         RF data          01 01 0000f000 00001000[0m
[0;32mI (85) boot:  2 factory          factory app      00 00 00010000 00177000[0m
[0;32mI (92) boot: End of partition table[0m
[0;32mI (96) esp_image: segment 0: paddr=00010020 vaddr=3f400020 size=352f8h (217848) map[0m
[0;32mI (183) esp_image: segment 1: paddr=00045320 vaddr=3ffbdb60 size=05468h ( 21608) load[0m
[0;32mI (192) esp_image: segment 2: paddr=0004a790 vaddr=40080000 size=05888h ( 22664) load[0m
[0;32mI (202) esp_image: segment 3: paddr=00050020 vaddr=400d0020 size=db158h (897368) map[0m
[0;32mI (526) esp_image: segment 4: paddr=0012b180 vaddr=40085888 size=1907ch (102524) load[0m
[0;32mI (584) boot: Loaded app from partition at offset 0x10000[0m
[0;32mI (584) boot: Disabling RNG early entropy source...[0m
[0;32mI (596) cpu_start: Multicore app[0m
[0;32mI (596) cpu_start: Pro cpu up.[0m
[0;32mI (596) cpu_start: Starting app cpu, entry point is 0x40081408[0m
[0;32mI (0) cpu_start: App cpu up.[0m
[0;32mI (616) cpu_start: Pro cpu start user code[0m
[0;32mI (616) cpu_start: cpu freq: 160000000 Hz[0m
[0;32mI (616) cpu_start: Application information:[0m
[0;32mI (621) cpu_start: Project name:     gatt_server_demos[0m
[0;32mI (627) cpu_start: App version:      f5a093e-dirty[0m
[0;32mI (632) cpu_start: Compile time:     Feb  6 2024 13:00:51[0m
[0;32mI (638) cpu_start: ELF file SHA256:  085351980097a6c5...[0m
[0;32mI (644) cpu_start: ESP-IDF:          v5.1.1-dirty[0m
[0;32mI (650) cpu_start: Min chip rev:     v0.0[0m
[0;32mI (654) cpu_start: Max chip rev:     v3.99 [0m
[0;32mI (659) cpu_start: Chip rev:         v3.1[0m
[0;32mI (664) heap_init: Initializing. RAM available for dynamic allocation:[0m
[0;32mI (671) heap_init: At 3FFAFF10 len 000000F0 (0 KiB): DRAM[0m
[0;32mI (677) heap_init: At 3FFB6388 len 00001C78 (7 KiB): DRAM[0m
[0;32mI (683) heap_init: At 3FFB9A20 len 00004108 (16 KiB): DRAM[0m
[0;32mI (690) heap_init: At 3FFCB098 len 00014F68 (83 KiB): DRAM[0m
[0;32mI (696) heap_init: At 3FFE0440 len 00003AE0 (14 KiB): D/IRAM[0m
[0;32mI (702) heap_init: At 3FFE4350 len 0001BCB0 (111 KiB): D/IRAM[0m
[0;32mI (708) heap_init: At 4009E904 len 000016FC (5 KiB): IRAM[0m
[0;32mI (716) spi_flash: detected chip: generic[0m
[0;32mI (719) spi_flash: flash io: dio[0m
[0;32mI (724) coexist: coex firmware version: 80b0d89[0m
[0;32mI (729) app_start: Starting scheduler on CPU0[0m
[0;32m[0;32mI (734) app_start: Starting scheduler on CPU1[0m
I (734) main_task: Started on CPU0[0m
[0;32mI (744) main_task: Calling app_main()[0m
[0;32mI (774) BLE:: ble task, wifi queue: 0, data_flag: 0[0m
[0;32mI (784) BTDM_INIT: BT controller compile version [946b762][0m
[0;32mI (784) main_task: Returned from app_main()[0m
[0;32mI (784) WIFI: wifi task, ble_queue: 0 wifi_connect: 1[0m
[0;32mI (784) BTDM_INIT: Bluetooth MAC: 24:dc:c3:a6:d0:2a[0m
[0;32mI (794) phy_init: phy_version 4670,719f9f6,Feb 18 2021,17:07:07[0m
[0;32mI (1214) GATTS_DEMO: REGISTER_APP_EVT, status 0, app_id 0
[0m
[0;32mI (1224) GATTS_DEMO: CREATE_SERVICE_EVT, status 0,  service_handle 40
[0m
[0;32mI (1244) GATTS_DEMO: SERVICE_START_EVT, status 0, service_handle 40
[0m
[0;32mI (1244) GATTS_DEMO: ADD_CHAR_EVT, status 0,  attr_handle 42, service_handle 40
[0m
[0;32mI (1244) GATTS_DEMO: the gatts demo char length = 3
[0m
[0;32mI (1254) GATTS_DEMO: prf_char[0] =11
[0m
[0;32mI (1254) GATTS_DEMO: prf_char[1] =22
[0m
[0;32mI (1264) GATTS_DEMO: prf_char[2] =33
[0m
[0;32mI (1264) GATTS_DEMO: ADD_DESCR_EVT, status 0, attr_handle 43, service_handle 40
[0m
[0;32mI (10464) GATTS_DEMO: ESP_GATTS_CONNECT_EVT, conn_id 0, remote 4f:18:d8:db:c0:d2:[0m
[0;32mI (10844) GATTS_DEMO: update connection params status = 0, min_int = 16, max_int = 32,conn_int = 6,latency = 0, timeout = 500[0m
[0;32mI (11254) GATTS_DEMO: ESP_GATTS_MTU_EVT, MTU 500[0m
[0;32mI (11264) GATTS_DEMO: update connection params status = 0, min_int = 0, max_int = 0,conn_int = 24,latency = 0, timeout = 400[0m
[0;31mE (31014) BT_GATT: gatt_sr_write_cl_supp_feat len 35[0m
[0;32mI (31074) GATTS_DEMO: GATT_WRITE_EVT, conn_id 0, trans_id 3, handle 42[0m
[0;32mI (31074) GATTS_DEMO: GATT_WRITE_EVT, value len 35, value : w:Infrastructure NW	p:NetworkPolicy profile x[0m
[0;32mI (31084) GATTS_DEMO: 77 3a 49 6e 66 72 61 73 74 72 75 63 74 75 72 65 [0m
[0;32mI (31094) GATTS_DEMO: 20 4e 57 09 70 3a 4e 65 74 77 6f 72 6b 50 6f 6c [0m
[0;32mI (31094) GATTS_DEMO: 69 63 79 [0m
[0;32mI (31104) BLE: dataflag = 1[0m
[0;32mI (31114) BLE:: ble task have mutex[0m
[0;32mI (31114) BLE:: send data to queue[0m
[0;33mW (31124) BT_HCI: hci cmd send: disconnect: hdl 0x0, rsn:0x13[0m
[0;32mI (31124) GATTS_DEMO: ESP_GATTS_DISCONNECT_EVT, disconnect reason 0x16[0m
[0;33mW (31254) BT_HCI: hcif disc complete: hdl 0x0, rsn 0x16[0m
[0;32mI (32264) BLE:: disable ble[0m
[0;32mI (32264) BLE:: ble task release mutex[0m
[0;32mI (32264) WIFI: wifi task have mutex[0m
[0;32mI (32264) WIFI: receive data from ble: w:Infrastructure NW	p:NetworkPolicy[0m
ssid: .Infrastructure NW. pass: .NetworkPolicy.
[0;32mI (32274) WIFI: ssid:Infrastructure NW password:NetworkPolicy[0m
I (32294) wifi:wifi driver task: 3ffd0494, prio:23, stack:6656, core=0
I (32314) wifi:wifi firmware version: ce9244d
I (32314) wifi:wifi certification version: v7.0
I (32314) wifi:config NVS flash: enabled
I (32314) wifi:config nano formating: disabled
I (32314) wifi:Init data frame dynamic rx buffer num: 32
I (32324) wifi:Init management frame dynamic rx buffer num: 32
I (32324) wifi:Init management short buffer num: 32
I (32334) wifi:Init dynamic tx buffer num: 32
I (32334) wifi:Init static rx buffer size: 1600
I (32344) wifi:Init static rx buffer num: 10
I (32344) wifi:Init dynamic rx buffer num: 32
[0;32mI (32344) wifi_init: rx ba win: 6[0m
[0;32mI (32354) wifi_init: tcpip mbox: 32[0m
[0;32mI (32354) wifi_init: udp mbox: 6[0m
[0;32mI (32354) wifi_init: tcp mbox: 6[0m
[0;32mI (32364) wifi_init: tcp tx win: 5744[0m
[0;32mI (32364) wifi_init: tcp rx win: 5744[0m
[0;32mI (32374) wifi_init: tcp mss: 1440[0m
[0;32mI (32374) wifi_init: WiFi IRAM OP enabled[0m
[0;32mI (32384) wifi_init: WiFi RX IRAM OP enabled[0m
I (32434) wifi:mode : sta (24:dc:c3:a6:d0:28)
I (32434) wifi:enable tsf
[0;32mI (32434) WIFI STATION: wifi_init_sta finished.[0m
[0;32mI (32434) WIFI: wifi task release mutex[0m
[0;32mI (34854) WIFI STATION: retry to connect to the AP[0m
[0;32mI (34854) WIFI STATION: connect to the AP fail[0m
[0;32mI (37264) WIFI STATION: retry to connect to the AP[0m
[0;32mI (37264) WIFI STATION: connect to the AP fail[0m
[0;32mI (39684) WIFI STATION: retry to connect to the AP[0m
[0;32mI (39684) WIFI STATION: connect to the AP fail[0m
[0;32mI (42094) WIFI STATION: retry to connect to the AP[0m
[0;32mI (42094) WIFI STATION: connect to the AP fail[0m
[0;32mI (44514) WIFI STATION: retry to connect to the AP[0m
[0;32mI (44514) WIFI STATION: connect to the AP fail[0m
[0;32mI (46924) WIFI STATION: Can't connect to the AP point[0m
[0;32mI (46924) WIFI STATION: connect to the AP fail[0m
[0;32mI (46944) WIFI: wifi task have mutex[0m
[0;32mI (46944) WIFI: send wifi connect state[0m
E (46944) wifi:NAN WiFi stop
I (46944) wifi:flush txq
I (46944) wifi:stop sw txq
I (46944) wifi:lmac stop hw txq
[0;32mI (46944) WIFI: disable wifi[0m
[0;32mI (46954) WIFI: wifi task release mutex[0m
[0;32mI (46964) BLE:: ble task have mutex[0m
[0;32mI (46964) BLE:: received data from wifi_queue[0m
[0;32mI (46964) BTDM_INIT: BT controller compile version [946b762][0m
[0;32mI (46974) BTDM_INIT: Bluetooth MAC: 24:dc:c3:a6:d0:2a[0m
[0;32mI (47294) BLE:: enable ble[0m
[0;32mI (47294) BLE:: ble task release mutex[0m
[0;32mI (47294) GATTS_DEMO: REGISTER_APP_EVT, status 0, app_id 0
[0m
[0;32mI (47314) GATTS_DEMO: CREATE_SERVICE_EVT, status 0,  service_handle 40
[0m
[0;32mI (47324) GATTS_DEMO: SERVICE_START_EVT, status 0, service_handle 40
[0m
[0;32mI (47324) GATTS_DEMO: ADD_CHAR_EVT, status 0,  attr_handle 42, service_handle 40
[0m
[0;32mI (47334) GATTS_DEMO: the gatts demo char length = 3
[0m
[0;32mI (47334) GATTS_DEMO: prf_char[0] =11
[0m
[0;32mI (47344) GATTS_DEMO: prf_char[1] =22
[0m
[0;32mI (47344) GATTS_DEMO: prf_char[2] =33
[0m
[0;32mI (47354) GATTS_DEMO: ADD_DESCR_EVT, status 0, attr_handle 43, service_handle 40
[0m
[0;32mI (54134) GATTS_DEMO: ESP_GATTS_CONNECT_EVT, conn_id 0, remote 4f:18:d8:db:c0:d2:[0m
[0;32mI (54564) GATTS_DEMO: update connection params status = 0, min_int = 16, max_int = 32,conn_int = 24,latency = 0, timeout = 400[0m
[0;32mI (54984) GATTS_DEMO: update connection params status = 0, min_int = 0, max_int = 0,conn_int = 6,latency = 0, timeout = 500[0m
[0;32mI (55234) GATTS_DEMO: ESP_GATTS_MTU_EVT, MTU 500[0m
[0;32mI (55284) GATTS_DEMO: update connection params status = 0, min_int = 0, max_int = 0,conn_int = 24,latency = 0, timeout = 400[0m
[0;31mE (98064) BT_GATT: gatt_sr_write_cl_supp_feat len 30[0m
[0;32mI (98154) GATTS_DEMO: GATT_WRITE_EVT, conn_id 0, trans_id 3, handle 42[0m
[0;32mI (98154) GATTS_DEMO: GATT_WRITE_EVT, value len 30, value : w:Wifi Ch√πa :/	p:toikhongbiet profile x[0m
[0;32mI (98164) GATTS_DEMO: 77 3a 57 69 66 69 20 43 68 c3 b9 61 20 3a 2f 09 [0m
[0;32mI (98164) GATTS_DEMO: 70 3a 74 6f 69 6b 68 6f 6e 67 62 69 65 74 [0m
[0;32mI (98174) BLE: dataflag = 1[0m
[0;32mI (98194) BLE:: ble task have mutex[0m
[0;32mI (98194) BLE:: send data to queue[0m
[0;33mW (98204) BT_HCI: hci cmd send: disconnect: hdl 0x0, rsn:0x13[0m
[0;32mI (98204) GATTS_DEMO: ESP_GATTS_DISCONNECT_EVT, disconnect reason 0x16[0m
[0;33mW (98304) BT_HCI: hcif disc complete: hdl 0x0, rsn 0x16[0m
[0;32mI (99314) BLE:: disable ble[0m
[0;32mI (99314) BLE:: ble task release mutex[0m
[0;32mI (99314) WIFI: wifi task have mutex[0m
[0;32mI (99314) WIFI: receive data from ble: w:Wifi Ch√πa :/	p:toikhongbiet[0m
ssid: .Wifi Ch√πa :/. pass: .toikhongbiet.
[0;32mI (99324) WIFI: ssid:Wifi Ch√πa :/ password:toikhongbiet[0m
ESP_ERROR_CHECK failed: esp_err_t 0x103 (ESP_ERR_INVALID_STATE) at 0x40129424
file: "./components/wifi_sta/wifi_sta.c" line 76
func: wifi_init_lwip
expression: esp_event_loop_create_default()

abort() was called at PC 0x4009179f on core 0


Backtrace: 0x40081ab2:0x3ffcd050 0x400917a9:0x3ffcd070 0x40098852:0x3ffcd090 0x4009179f:0x3ffcd100 0x40129424:0x3ffcd130 0x400d7a32:0x3ffcd220 0x40094189:0x3ffcd380




ELF file SHA256: 085351980097a6c5

Rebooting...
ets Jul 29 2019 12:21:46

rst:0xc (SW_CPU_RESET),boot:0x13 (SPI_FAST_FLASH_BOOT)
configsip: 0, SPIWP:0xee
clk_drv:0x00,q_drv:0x00,d_drv:0x00,cs0_drv:0x00,hd_drv:0x00,wp_drv:0x00
mode:DIO, clock div:2
load:0x3fff0030,len:7084
ho 0 tail 12 room 4
load:0x40078000,len:15584
load:0x40080400,len:4
load:0x40080404,len:3876
entry 0x4008064c
[0;32mI (31) boot: ESP-IDF v5.1.1-dirty 2nd stage bootloader[0m
[0;32mI (31) boot: compile time Feb  6 2024 13:00:59[0m
[0;32mI (31) boot: Multicore bootloader[0m
[0;32mI (36) boot: chip revision: v3.1[0m
[0;32mI (40) boot.esp32: SPI Speed      : 40MHz[0m
[0;32mI (44) boot.esp32: SPI Mode       : DIO[0m
[0;32mI (49) boot.esp32: SPI Flash Size : 4MB[0m
[0;32mI (53) boot: Enabling RNG early entropy source...[0m
[0;32mI (59) boot: Partition Table:[0m
[0;32mI (62) boot: ## Label            Usage          Type ST Offset   Length[0m
[0;32mI (70) boot:  0 nvs              WiFi data        01 02 00009000 00006000[0m
[0;32mI (77) boot:  1 phy_init         RF data          01 01 0000f000 00001000[0m
[0;32mI (85) boot:  2 factory          factory app      00 00 00010000 00177000[0m
[0;32mI (92) boot: End of partition table[0m
[0;32mI (96) esp_image: segment 0: paddr=00010020 vaddr=3f400020 size=352f8h (217848) map[0m
[0;32mI (183) esp_image: segment 1: paddr=00045320 vaddr=3ffbdb60 size=05468h ( 21608) load[0m
[0;32mI (192) esp_image: segment 2: paddr=0004a790 vaddr=40080000 size=05888h ( 22664) load[0m
[0;32mI (202) esp_image: segment 3: paddr=00050020 vaddr=400d0020 size=db158h (897368) map[0m
[0;32mI (526) esp_image: segment 4: paddr=0012b180 vaddr=40085888 size=1907ch (102524) load[0m
[0;32mI (584) boot: Loaded app from partition at offset 0x10000[0m
[0;32mI (584) boot: Disabling RNG early entropy source...[0m
[0;32mI (596) cpu_start: Multicore app[0m
[0;32mI (596) cpu_start: Pro cpu up.[0m
[0;32mI (596) cpu_start: Starting app cpu, entry point is 0x40081408[0m
[0;32mI (586) cpu_start: App cpu up.[0m
[0;32mI (616) cpu_start: Pro cpu start user code[0m
[0;32mI (616) cpu_start: cpu freq: 160000000 Hz[0m
[0;32mI (616) cpu_start: Application information:[0m
[0;32mI (621) cpu_start: Project name:     gatt_server_demos[0m
[0;32mI (627) cpu_start: App version:      f5a093e-dirty[0m
[0;32mI (632) cpu_start: Compile time:     Feb  6 2024 13:00:51[0m
[0;32mI (639) cpu_start: ELF file SHA256:  085351980097a6c5...[0m
[0;32mI (644) cpu_start: ESP-IDF:          v5.1.1-dirty[0m
[0;32mI (650) cpu_start: Min chip rev:     v0.0[0m
[0;32mI (655) cpu_start: Max chip rev:     v3.99 [0m
[0;32mI (659) cpu_start: Chip rev:         v3.1[0m
[0;32mI (664) heap_init: Initializing. RAM available for dynamic allocation:[0m
[0;32mI (672) heap_init: At 3FFAFF10 len 000000F0 (0 KiB): DRAM[0m
[0;32mI (677) heap_init: At 3FFB6388 len 00001C78 (7 KiB): DRAM[0m
[0;32mI (683) heap_init: At 3FFB9A20 len 00004108 (16 KiB): DRAM[0m
[0;32mI (690) heap_init: At 3FFCB098 len 00014F68 (83 KiB): DRAM[0m
[0;32mI (696) heap_init: At 3FFE0440 len 00003AE0 (14 KiB): D/IRAM[0m
[0;32mI (702) heap_init: At 3FFE4350 len 0001BCB0 (111 KiB): D/IRAM[0m
[0;32mI (709) heap_init: At 4009E904 len 000016FC (5 KiB): IRAM[0m
[0;32mI (716) spi_flash: detected chip: generic[0m
[0;32mI (719) spi_flash: flash io: dio[0m
[0;32mI (724) coexist: coex firmware version: 80b0d89[0m
[0;32mI (729) app_start: Starting scheduler on CPU0[0m
[0;32m[0;32mI (734) app_start: Starting scheduler on CPU1[0m
I (734) main_task: Started on CPU0[0m
[0;32mI (744) main_task: Calling app_main()[0m
[0;32mI (774) BLE:: ble task, wifi queue: 0, data_flag: 0[0m
[0;32mI (784) BTDM_INIT: BT controller compile version [946b762][0m
[0;32mI (784) main_task: Returned from app_main()[0m
[0;32mI (784) WIFI: wifi task, ble_queue: 0 wifi_connect: 1[0m
[0;32mI (784) BTDM_INIT: Bluetooth MAC: 24:dc:c3:a6:d0:2a[0m
[0;32mI (804) phy_init: phy_version 4670,719f9f6,Feb 18 2021,17:07:07[0m
[0;32mI (1224) GATTS_DEMO: REGISTER_APP_EVT, status 0, app_id 0
[0m
[0;32mI (1234) GATTS_DEMO: CREATE_SERVICE_EVT, status 0,  service_handle 40
[0m
[0;32mI (1254) GATTS_DEMO: SERVICE_START_EVT, status 0, service_handle 40
[0m
[0;32mI (1254) GATTS_DEMO: ADD_CHAR_EVT, status 0,  attr_handle 42, service_handle 40
[0m
[0;32mI (1254) GATTS_DEMO: the gatts demo char length = 3
[0m
[0;32mI (1264) GATTS_DEMO: prf_char[0] =11
[0m
[0;32mI (1264) GATTS_DEMO: prf_char[1] =22
[0m
[0;32mI (1274) GATTS_DEMO: prf_char[2] =33
[0m
[0;32mI (1274) GATTS_DEMO: ADD_DESCR_EVT, status 0, attr_handle 43, service_handle 40
[0m
