050020 vaddr=400d0020 size=fe4b0hï¿½ets Jul 29 2019 12:21:46

rst:0x1 (POWERON_RESET),boot:0x13 (SPI_FAST_FLASH_BOOT)
configsip: 0, SPIWP:0xee
clk_drv:0x00,q_drv:0x00,d_drv:0x00,cs0_drv:0x00,hd_drv:0x00,wp_drv:0x00
mode:DIO, clock div:2
load:0x3fff0030,len:7084
ho 0 tail 12 room 4
load:0x40078000,len:15584
load:0x40080400,len:4
load:0x40080404,len:3876
entry 0x4008064c
[0;32mI (31) boot: ESP-IDF v5.1.1-dirty 2nd stage bootloader[0m
[0;32mI (31) boot: compile time Mar 22 2024 10:40:21[0m
[0;32mI (31) boot: Multicore bootloader[0m
[0;32mI (36) boot: chip revision: v3.1[0m
[0;32mI (40) boot.esp32: SPI Speed      : 40MHz[0m
[0;32mI (44) boot.esp32: SPI Mode       : DIO[0m
[0;32mI (49) boot.esp32: SPI Flash Size : 4MB[0m
[0;32mI (53) boot: Enabling RNG early entropy source...[0m
[0;32mI (59) boot: Partition Table:[0m
[0;32mI (62) boot: ## Label            Usage          Type ST Offset   Length[0m
[0;32mI (70) boot:  0 nvs              WiFi data        01 02 00009000 00006000[0m
[0;32mI (77) boot:  1 phy_init         RF data          01 01 0000f000 00001000[0m
[0;32mI (85) boot:  2 factory          factory app      00 00 00010000 00177000[0m
[0;32mI (92) boot: End of partition table[0m
[0;32mI (96) esp_image: segment 0: paddr=00010020 vaddr=3f400020 size=3f6b8h (259768) map[0m
[0;32mI (199) esp_image: segment 1: paddr=0004f6e0 vaddr=3ffbdb60 size=00938h (  2360) load[0m
[0;32mI (200) esp_image: segment 2: paddr=00050020 vaddr=400d0020 size=fe4b0h (1041584) map[0m
[0;32mI (580) esp_image: segment 3: paddr=0014e4d8 vaddr=3ffbe498 size=04d88h ( 19848) load[0m
[0;32mI (588) esp_image: segment 4: paddr=00153268 vaddr=40080000 size=2108ch (135308) load[0m
[0;32mI (661) boot: Loaded app from partition at offset 0x10000[0m
[0;32mI (662) boot: Disabling RNG early entropy source...[0m
[0;32mI (673) cpu_start: Multicore app[0m
[0;32mI (673) cpu_start: Pro cpu up.[0m
[0;32mI (674) cpu_start: Starting app cpu, entry point is 0x400815d0[0m
[0;32mI (0) cpu_start: App cpu up.[0m
[0;32mI (694) cpu_start: Pro cpu start user code[0m
[0;32mI (694) cpu_start: cpu freq: 160000000 Hz[0m
[0;32mI (694) cpu_start: Application information:[0m
[0;32mI (698) cpu_start: Project name:     gatt_server_demos[0m
[0;32mI (704) cpu_start: App version:      09d1446-dirty[0m
[0;32mI (710) cpu_start: Compile time:     Jun 22 2024 09:38:31[0m
[0;32mI (716) cpu_start: ELF file SHA256:  6ac1df4b83899121...[0m
[0;32mI (722) cpu_start: ESP-IDF:          v5.1.1-dirty[0m
[0;32mI (727) cpu_start: Min chip rev:     v0.0[0m
[0;32mI (732) cpu_start: Max chip rev:     v3.99 [0m
[0;32mI (737) cpu_start: Chip rev:         v3.1[0m
[0;32mI (742) heap_init: Initializing. RAM available for dynamic allocation:[0m
[0;32mI (749) heap_init: At 3FFAFF10 len 000000F0 (0 KiB): DRAM[0m
[0;32mI (755) heap_init: At 3FFB6388 len 00001C78 (7 KiB): DRAM[0m
[0;32mI (761) heap_init: At 3FFB9A20 len 00004108 (16 KiB): DRAM[0m
[0;32mI (767) heap_init: At 3FFCC840 len 000137C0 (77 KiB): DRAM[0m
[0;32mI (773) heap_init: At 3FFE0440 len 00003AE0 (14 KiB): D/IRAM[0m
[0;32mI (779) heap_init: At 3FFE4350 len 0001AC24 (107 KiB): D/IRAM[0m
[0;32mI (787) spi_flash: detected chip: generic[0m
[0;32mI (790) spi_flash: flash io: dio[0m
[0;32mI (795) coexist: coex firmware version: 80b0d89[0m
[0;32mI (800) app_start: Starting scheduler on CPU0[0m
[0;32m[0;32mI (805) app_start: Starting scheduler on CPU1[0m
I (805) main_task: Started on CPU0[0m
[0;32mI (815) main_task: Calling app_main()[0m
[0;32mI (845) W25Q32: Init spi bus[0m
[0;32mI (845) gpio: GPIO[19]| InputEn: 0| OutputEn: 0| OpenDrain: 0| Pullup: 1| Pulldown: 0| Intr:0 [0m
[0;32mI (855) MQTT: datn/FC:B4:67:F5:ED:82/data datn/FC:B4:67:F5:ED:82/control[0m
[0;32mI (855) LCD: Start init pin[0m
[0;32mI (865) gpio: GPIO[13]| InputEn: 0| OutputEn: 1| OpenDrain: 0| Pullup: 0| Pulldown: 0| Intr:0 [0m
[0;32mI (875) gpio: GPIO[14]| InputEn: 0| OutputEn: 1| OpenDrain: 0| Pullup: 0| Pulldown: 0| Intr:0 [0m
[0;32mI (885) gpio: GPIO[15]| InputEn: 0| OutputEn: 1| OpenDrain: 0| Pullup: 0| Pulldown: 0| Intr:0 [0m
[0;32mI (895) gpio: GPIO[16]| InputEn: 0| OutputEn: 1| OpenDrain: 0| Pullup: 0| Pulldown: 0| Intr:0 [0m
[0;32mI (895) gpio: GPIO[25]| InputEn: 0| OutputEn: 1| OpenDrain: 0| Pullup: 0| Pulldown: 0| Intr:0 [0m
[0;32mI (905) gpio: GPIO[26]| InputEn: 0| OutputEn: 1| OpenDrain: 0| Pullup: 0| Pulldown: 0| Intr:0 [0m
[0;32mI (915) gpio: GPIO[27]| InputEn: 0| OutputEn: 1| OpenDrain: 0| Pullup: 0| Pulldown: 0| Intr:0 [0m
[0;32mI (925) LCD: Start init LCD[0m
[0;32mI (965) BLE:: ble task, wifi queue: 0, data_flag: 0[0m
[0;32mI (965) WIFI: wifi task, ble_queue: 0 wifi_connect: 0[0m
[0;32mI (965) UART: uart task[0m
[0;32mI (965) uart: queue free spaces: 20[0m
[0;32mI (975) UART: init uart[0m
[0;32mI (975) main_task: Returned from app_main()[0m
[0;32mI (1065) BLE:: ble task have mutex[0m
[0;32mI (1065) W25Q32: Read data from w25q32 at 0: [0m
[0;32mI (1065) W25Q32: wifi data location: [0m
[0;32mI (1065) W25Q32: There has never been wifi data written to the w25q32 before[0m
[0;32mI (1075) BLE:: ble task release mutex[0m
I (1185) wifi:wifi driver task: 3ffd469c, prio:23, stack:6656, core=0
I (1195) wifi:wifi firmware version: ce9244d
I (1205) wifi:wifi certification version: v7.0
I (1205) wifi:config NVS flash: enabled
I (1205) wifi:config nano formating: disabled
I (1205) wifi:Init data frame dynamic rx buffer num: 32
I (1205) wifi:Init management frame dynamic rx buffer num: 32
I (1215) wifi:Init management short buffer num: 32
I (1225) wifi:Init static tx buffer num: 16
I (1225) wifi:Init static rx buffer size: 1600
I (1225) wifi:Init static rx buffer num: 10
I (1235) wifi:Init dynamic rx buffer num: 32
[0;32mI (1235) wifi_init: rx ba win: 6[0m
[0;32mI (1235) wifi_init: tcpip mbox: 32[0m
[0;32mI (1245) wifi_init: udp mbox: 6[0m
[0;32mI (1245) wifi_init: tcp mbox: 6[0m
[0;32mI (1255) wifi_init: tcp tx win: 5744[0m
[0;32mI (1255) wifi_init: tcp rx win: 5744[0m
[0;32mI (1255) wifi_init: tcp mss: 1440[0m
[0;32mI (1265) wifi_init: WiFi IRAM OP enabled[0m
[0;32mI (1265) wifi_init: WiFi RX IRAM OP enabled[0m
[0;32mI (1275) BLE:: ble task have mutex[0m
[0;32mI (1275) BTDM_INIT: BT controller compile version [946b762][0m
[0;32mI (1285) BTDM_INIT: Bluetooth MAC: fc:b4:67:f5:ed:82[0m
[0;32mI (1295) phy_init: phy_version 4670,719f9f6,Feb 18 2021,17:07:07[0m
[0;32mI (1735) BLE:: ble task release mutex[0m
[0;32mI (1735) BLE:: init ble[0m
[0;32mI (1735) BLE:: init lwip[0m
[0;32mI (1735) GATTS_DEMO: REGISTER_APP_EVT, status 0, app_id 0
[0m
[0;32mI (1755) GATTS_DEMO: CREATE_SERVICE_EVT, status 0,  service_handle 40
[0m
[0;32mI (1775) GATTS_DEMO: SERVICE_START_EVT, status 0, service_handle 40
[0m
[0;32mI (1775) GATTS_DEMO: ADD_CHAR_EVT, status 0,  attr_handle 42, service_handle 40
[0m
[0;32mI (1775) GATTS_DEMO: the gatts demo char length = 3
[0m
[0;32mI (1785) GATTS_DEMO: prf_char[0] =11
[0m
[0;32mI (1785) GATTS_DEMO: prf_char[1] =22
[0m
[0;32mI (1795) GATTS_DEMO: prf_char[2] =33
[0m
[0;32mI (1795) GATTS_DEMO: ADD_DESCR_EVT, status 0, attr_handle 43, service_handle 40
[0m
ap_init: At 3FFAFF10 len 000000F0 (0 KiB): DRAM[0m
[0;32mI (755) heap_init: At 3FFB6388 len 00001C78 (7 KiB): DRAM[0m
[0;32mI (761) heap_init: At 3FFB9A20 len 00004108 (16 KiB): DRAM[0m
[0;32mI (767) heap_init: At 3FFCC840 len 000137C0 (77 KiB): DRAM[0m
[0;32mI (773) heap_init: At 3FFE0440 len 00003AE0 (14 KiB): D/IRAM[0m
[0;32mI (779) heap_init: At 3FFE4350 len 0001AC24 (107 KiB): D/IRAM[0m
[0;32mI (787) spi_flash: detected chip: generic[0m
[0;32mI (790) spi_flash: flash io: dio[0m
[0;32mI (795) coexist: coex firmware version: 80b0d89[0m
[0;32mI (800) app_start: Starting scheduler on CPU0[0m
[0;32m[0;32mI (805) app_start: Starting scheduler on CPU1[0m
I (805) main_task: Started on CPU0[0m
[0;32mI (815) main_task: Calling app_main()[0m
[0;32mI (845) W25Q32: Init spi bus[0m
[0;32mI (845) gpio: GPIO[19]| InputEn: 0| OutputEn: 0| OpenDrain: 0| Pullup: 1| Pulldown: 0| Intr:0 [0m
[0;32mI (855) MQTT: datn/FC:B4:67:F5:ED:82/data datn/FC:B4:67:F5:ED:82/control[0m
[0;32mI (855) LCD: Start init pin[0m
[0;32mI (865) gpio: GPIO[13]| InputEn: 0| OutputEn: 1| OpenDrain: 0| Pullup: 0| Pulldown: 0| Intr:0 [0m
[0;32mI (875) gpio: GPIO[14]| InputEn: 0| OutputEn: 1| OpenDrain: 0| Pullup: 0| Pulldown: 0| Intr:0 [0m
[0;32mI (885) gpio: GPIO[15]| InputEn: 0| OutputEn: 1| OpenDrain: 0| Pullup: 0| Pulldown: 0| Intr:0 [0m
[0;32mI (895) gpio: GPIO[16]| InputEn: 0| OutputEn: 1| OpenDrain: 0| Pullup: 0| Pulldown: 0| Intr:0 [0m
[0;32mI (895) gpio: GPIO[25]| InputEn: 0| OutputEn: 1| OpenDrain: 0| Pullup: 0| Pulldown: 0| Intr:0 [0m
[0;32mI (905) gpio: GPIO[26]| InputEn: 0| OutputEn: 1| OpenDrain: 0| Pullup: 0| Pulldown: 0| Intr:0 [0m
[0;32mI (915) gpio: GPIO[27]| InputEn: 0| OutputEn: 1| OpenDrain: 0| Pullup: 0| Pulldown: 0| Intr:0 [0m
[0;32mI (925) LCD: Start init LCD[0m
[0;32mI (965) BLE:: ble task, wifi queue: 0, data_flag: 0[0m
[0;32mI (965) WIFI: wifi task, ble_queue: 0 wifi_connect: 0[0m
[0;32mI (965) UART: uart task[0m
[0;32mI (965) uart: queue free spaces: 20[0m
[0;32mI (975) UART: init uart[0m
[0;32mI (975) main_task: Returned from app_main()[0m
[0;32mI (1065) BLE:: ble task have mutex[0m
[0;32mI (1065) W25Q32: Read data from w25q32 at 0: [0m
[0;32mI (1065) W25Q32: wifi data location: [0m
[0;32mI (1065) W25Q32: There has never been wifi data written to the w25q32 before[0m
[0;32mI (1075) BLE:: ble task release mutex[0m
I (1185) wifi:wifi driver task: 3ffd469c, prio:23, stack:6656, core=0
I (1195) wifi:wifi firmware version: ce9244d
I (1205) wifi:wifi certification version: v7.0
I (1205) wifi:config NVS flash: enabled
I (1205) wifi:config nano formating: disabled
I (1205) wifi:Init data frame dynamic rx buffer num: 32
I (1205) wifi:Init management frame dynamic rx buffer num: 32
I (1215) wifi:Init management short buffer num: 32
I (1225) wifi:Init static tx buffer num: 16
I (1225) wifi:Init static rx buffer size: 1600
I (1225) wifi:Init static rx buffer num: 10
I (1235) wifi:Init dynamic rx buffer num: 32
[0;32mI (1235) wifi_init: rx ba win: 6[0m
[0;32mI (1235) wifi_init: tcpip mbox: 32[0m
[0;32mI (1245) wifi_init: udp mbox: 6[0m
[0;32mI (1245) wifi_init: tcp mbox: 6[0m
[0;32mI (1255) wifi_init: tcp tx win: 5744[0m
[0;32mI (1255) wifi_init: tcp rx win: 5744[0m
[0;32mI (1255) wifi_init: tcp mss: 1440[0m
[0;32mI (1265) wifi_init: WiFi IRAM OP enabled[0m
[0;32mI (1265) wifi_init: WiFi RX IRAM OP enabled[0m
[0;32mI (1275) BLE:: ble task have mutex[0m
[0;32mI (1275) BTDM_INIT: BT controller compile version [946b762][0m
[0;32mI (1285) BTDM_INIT: Bluetooth MAC: fc:b4:67:f5:ed:82[0m
[0;32mI (1295) phy_init: phy_version 4670,719f9f6,Feb 18 2021,17:07:07[0m
[0;32mI (1735) BLE:: ble task release mutex[0m
[0;32mI (1745) BLE:: init ble[0m
[0;32mI (1745) BLE:: init lwip[0m
[0;32mI (1745) GATTS_DEMO: REGISTER_APP_EVT, status 0, app_id 0
[0m
[0;32mI (1755) GATTS_DEMO: CREATE_SERVICE_EVT, status 0,  service_handle 40
[0m
[0;32mI (1775) GATTS_DEMO: SERVICE_START_EVT, status 0, service_handle 40
[0m
[0;32mI (1775) GATTS_DEMO: ADD_CHAR_EVT, status 0,  attr_handle 42, service_handle 40
[0m
[0;32mI (1785) GATTS_DEMO: the gatts demo char length = 3
[0m
[0;32mI (1785) GATTS_DEMO: prf_char[0] =11
[0m
[0;32mI (1795) GATTS_DEMO: prf_char[1] =22
[0m
[0;32mI (1795) GATTS_DEMO: prf_char[2] =33
[0m
[0;32mI (1805) GATTS_DEMO: ADD_DESCR_EVT, status 0, attr_handle 43, service_handle 40
[0m
[0;32mI (16415) UART2: uart[2] event:[0m
[0;32mI (16415) UART2: [UART DATA]: 120[0m
[0;32mI (16415) UART2: turn 1[0m
[0;32mI (16425) UART2: uart[2] event:[0m
[0;32mI (16425) UART2: [UART DATA]: 7[0m
[0;32mI (16425) UART2: turn 2[0m
[0;32mI (16425) UART: uart task have mutex[0m
[0;32mI (16425) UART: receive data from uart, but not connected to the internet yet[0m
[0;32mI (16435) UART: uart task release mutex[0m
[0;32mI (20975) LCD: lcd task have mutex[0m
[0;32mI (20995) LCD: lcd task release mutex[0m
[0;32mI (30995) LCD: lcd task have mutex[0m
[0;32mI (31015) LCD: lcd task release mutex[0m
[0;32mI (37055) UART2: uart[2] event:[0m
[0;32mI (37055) UART2: [UART DATA]: 120[0m
[0;32mI (37055) UART2: turn 1[0m
[0;32mI (37055) UART: uart task have mutex[0m
[0;32mI (37055) UART: receive data from uart, but not connected to the internet yet[0m
[0;32mI (37065) UART: uart task release mutex[0m
[0;32mI (37085) UART2: uart[2] event:[0m
[0;32mI (37085) UART2: [UART DATA]: 7[0m
[0;32mI (37085) UART2: turn 1[0m
[0;32mI (37085) UART: uart task have mutex[0m
[0;32mI (37085) UART: receive data from uart, but not connected to the internet yet[0m
[0;32mI (37095) UART: uart task release mutex[0m
[0;32mI (41015) LCD: lcd task have mutex[0m
[0;32mI (41035) LCD: lcd task release mutex[0m
[0;32mI (51035) LCD: lcd task have mutex[0m
[0;32mI (51055) LCD: lcd task release mutex[0m
[0;32mI (61055) LCD: lcd task have mutex[0m
[0;32mI (61075) LCD: lcd task release mutex[0m
[0;32mI (66665) UART2: uart[2] event:[0m
[0;32mI (66665) UART2: [UART DATA]: 120[0m
[0;32mI (66665) UART2: turn 1[0m
[0;32mI (66665) UART: uart task have mutex[0m
[0;32mI (66665) UART: receive data from uart, but not connected to the internet yet[0m
[0;32mI (66675) UART: uart task release mutex[0m
[0;32mI (66685) UART2: uart[2] event:[0m
[0;32mI (66685) UART2: [UART DATA]: 7[0m
[0;32mI (66685) UART2: turn 1[0m
[0;32mI (66685) UART: uart task have mutex[0m
[0;32mI (66695) UART: receive data from uart, but not connected to the internet yet[0m
[0;32mI (66695) UART: uart task release mutex[0m
[0;32mI (71075) LCD: lcd task have mutex[0m
[0;32mI (71095) LCD: lcd task release mutex[0m
[0;32mI (81095) LCD: lcd task have mutex[0m
[0;32mI (81115) LCD: lcd task release mutex[0m
[0;32mI (91115) LCD: lcd task have mutex[0m
[0;32mI (91135) LCD: lcd task release mutex[0m
[0;32mI (101135) LCD: lcd task have mutex[0m
[0;32mI (101155) LCD: lcd task release mutex[0m
[0;32mI (111155) LCD: lcd task have mutex[0m
[0;32mI (111175) LCD: lcd task release mutex[0m
[0;32mI (121175) LCD: lcd task have mutex[0m
[0;32mI (121195) LCD: lcd task release mutex[0m
[0;32mI (131195) LCD: lcd task have mutex[0m
[0;32mI (131215) LCD: lcd task release mutex[0m
