m
[0;32mI ï¿½ï¿½ï¿½on CPU0[0m
[0;32mI (551) main_task: Calling app_main()[0m
ets Jul 29 2019 12:21:46

rst:0x1 (POWERON_RESET),boot:0x13 (SPI_FAST_FLASH_BOOT)
configsip: 0, SPIWP:0xee
clk_drv:0x00,q_drv:0x00,d_drv:0x00,cs0_drv:0x00,hd_drv:0x00,wp_drv:0x00
mode:DIO, clock div:2
load:0x3fff0030,len:7084
ho 0 tail 12 room 4
load:0x40078000,len:15584
load:0x40080400,len:4
load:0x40080404,len:3876
entry 0x4008064c
[0;32mI (31) boot: ESP-IDF v5.1.1-dirty 2nd stage bootloader[0m
[0;32mI (31) boot: compile time Feb  6 2024 13:00:59[0m
[0;32mI (31) boot: Multicore bootloader[0m
[0;32mI (36) boot: chip revision: v3.1[0m
[0;32mI (40) boot.esp32: SPI Speed      : 40MHz[0m
[0;32mI (44) boot.esp32: SPI Mode       : DIO[0m
[0;32mI (49) boot.esp32: SPI Flash Size : 4MB[0m
[0;32mI (53) boot: Enabling RNG early entropy source...[0m
[0;32mI (59) boot: Partition Table:[0m
[0;32mI (62) boot: ## Label            Usage          Type ST Offset   Length[0m
[0;32mI (70) boot:  0 nvs              WiFi data        01 02 00009000 00006000[0m
[0;32mI (77) boot:  1 phy_init         RF data          01 01 0000f000 00001000[0m
[0;32mI (85) boot:  2 factory          factory app      00 00 00010000 00177000[0m
[0;32mI (92) boot: End of partition table[0m
[0;32mI (96) esp_image: segment 0: paddr=00010020 vaddr=3f400020 size=1fecch (130764) map[0m
[0;32mI (152) esp_image: segment 1: paddr=0002fef4 vaddr=3ffbdb60 size=00124h (   292) load[0m
[0;32mI (152) esp_image: segment 2: paddr=00030020 vaddr=400d0020 size=80148h (524616) map[0m
[0;32mI (347) esp_image: segment 3: paddr=000b0170 vaddr=3ffbdc84 size=04dc4h ( 19908) load[0m
[0;32mI (355) esp_image: segment 4: paddr=000b4f3c vaddr=40080000 size=169dch ( 92636) load[0m
[0;32mI (406) boot: Loaded app from partition at offset 0x10000[0m
[0;32mI (406) boot: Disabling RNG early entropy source...[0m
[0;32mI (417) cpu_start: Multicore app[0m
[0;32mI (418) cpu_start: Pro cpu up.[0m
[0;32mI (418) cpu_start: Starting app cpu, entry point is 0x400813b0[0m
[0;32mI (0) cpu_start: App cpu up.[0m
[0;32mI (435) cpu_start: Pro cpu start user code[0m
[0;32mI (436) cpu_start: cpu freq: 160000000 Hz[0m
[0;32mI (436) cpu_start: Application information:[0m
[0;32mI (440) cpu_start: Project name:     gatt_server_demos[0m
[0;32mI (446) cpu_start: App version:      f5a093e-dirty[0m
[0;32mI (452) cpu_start: Compile time:     Feb  6 2024 13:00:51[0m
[0;32mI (458) cpu_start: ELF file SHA256:  1206f449ac2c6c2b...[0m
[0;32mI (464) cpu_start: ESP-IDF:          v5.1.1-dirty[0m
[0;32mI (469) cpu_start: Min chip rev:     v0.0[0m
[0;32mI (474) cpu_start: Max chip rev:     v3.99 [0m
[0;32mI (479) cpu_start: Chip rev:         v3.1[0m
[0;32mI (484) heap_init: Initializing. RAM available for dynamic allocation:[0m
[0;32mI (491) heap_init: At 3FFAE6E0 len 0000F480 (61 KiB): DRAM[0m
[0;32mI (497) heap_init: At 3FFC6B70 len 00019490 (101 KiB): DRAM[0m
[0;32mI (503) heap_init: At 3FFE0440 len 00003AE0 (14 KiB): D/IRAM[0m
[0;32mI (509) heap_init: At 3FFE4350 len 0001BCB0 (111 KiB): D/IRAM[0m
[0;32mI (516) heap_init: At 400969DC len 00009624 (37 KiB): IRAM[0m
[0;32mI (523) spi_flash: detected chip: generic[0m
[0;32mI (527) spi_flash: flash io: dio[0m
[0;32mI (531) coexist: coex firmware version: 80b0d89[0m
[0;32mI (536) app_start: Starting scheduler on CPU0[0m
[0;32[0;32mI (541) app_start: Starting scheduler on CPU1[0m
mI (541) main_task: Started on CPU0[0m
[0;32mI (551) main_task: Calling app_main()[0m
I (601) wifi:wifi driver task: 3ffb81b0, prio:23, stack:6656, core=0
I (621) wifi:wifi firmware version: ce9244d
I (621) wifi:wifi certification version: v7.0
I (621) wifi:config NVS flash: enabled
I (621) wifi:config nano formating: disabled
I (621) wifi:Init data frame dynamic rx buffer num: 32
I (631) wifi:Init management frame dynamic rx buffer num: 32
I (631) wifi:Init management short buffer num: 32
I (641) wifi:Init dynamic tx buffer num: 32
I (641) wifi:Init static rx buffer size: 1600
I (641) wifi:Init static rx buffer num: 10
I (651) wifi:Init dynamic rx buffer num: 32
[0;32mI (651) wifi_init: rx ba win: 6[0m
[0;32mI (661) wifi_init: tcpip mbox: 32[0m
[0;32mI (661) wifi_init: udp mbox: 6[0m
[0;32mI (661) wifi_init: tcp mbox: 6[0m
[0;32mI (671) wifi_init: tcp tx win: 5744[0m
[0;32mI (671) wifi_init: tcp rx win: 5744[0m
[0;32mI (681) wifi_init: tcp mss: 1440[0m
[0;32mI (681) wifi_init: WiFi IRAM OP enabled[0m
[0;32mI (681) wifi_init: WiFi RX IRAM OP enabled[0m
[0;32mI (731) phy_init: phy_version 4670,719f9f6,Feb 18 2021,17:07:07[0m
I (851) wifi:mode : sta (24:dc:c3:a6:d0:28)
I (851) wifi:enable tsf
[0;32mI (851) WIFI STATION: wifi_init_sta finished.[0m
[0;32mI (851) main_task: Returned from app_main()[0m
I (3261) wifi:new:<12,0>, old:<1,0>, ap:<255,255>, sta:<12,0>, prof:1
I (4441) wifi:state: init -> auth (b0)
I (4441) wifi:state: auth -> assoc (0)
I (4451) wifi:state: assoc -> run (10)
I (4461) wifi:<ba-add>idx:0 (ifx:0, 24:0b:2a:2e:69:79), tid:5, ssn:0, winSize:64
I (4561) wifi:connected with Infrastructure NW, aid = 5, channel 12, BW20, bssid = 24:0b:2a:2e:69:79
I (4561) wifi:security: WPA2-PSK, phy: bgn, rssi: -58
I (4571) wifi:pm start, type: 1

I (4571) wifi:<ba-add>idx:1 (ifx:0, 24:0b:2a:2e:69:79), tid:0, ssn:2, winSize:64
I (4591) wifi:AP's beacon interval = 102400 us, DTIM period = 1
[0;32mI (5581) esp_netif_handlers: sta ip: 192.168.1.8, mask: 255.255.255.0, gw: 192.168.1.1[0m
[0;32mI (5581) WIFI STATION: got ip:192.168.1.8[0m
